[INFO] RUNTIME(47097,python):2026-09-04-09:25:25.734.794 [task_fail_callback_data_manager.cc:93] 47097 TaskFailCallBackManager: Constructor.
[INFO] RUNTIME(47097,python):2026-09-04-09:25:25.734.829 [xpu_task_fail_callback_data_manager.cc:59] 47097 XpuTaskFailCallBackManager: XpuTaskFailCallBackManager Constructor.
[INFO] TDT(47097,python):2026-09-04-09:25:25.740.133 [package_worker_factory.cpp:38][RegisterPackageWorkerCreator][tid:47097] Register[2] package worker was created successfully
[INFO] TDT(47097,python):2026-09-04-09:25:25.740.151 [package_worker_factory.cpp:38][RegisterPackageWorkerCreator][tid:47097] Register[3] package worker was created successfully
[INFO] HCCL(47097,python):2026-09-04-09:25:25.780.297 [adapter_rts.cc:2582] [47097][adapter_rts.cc][CallBackInitRts] g_deviceType [8] g_deviceLogicId [-1] g_devicePhyId [-1]
[INFO] RUNTIME(47097,python):2026-09-04-09:25:27.419.043 [runtime_keeper.cc:211] 47097 CreateRuntimeImpl: Open libruntime_v200.so successfully
[INFO] RUNTIME(47097,python):2026-09-04-09:25:27.419.947 [runtime.cc:4440] 47097 GetVisibleDevices: ASCEND_RT_VISIBLE_DEVICES param was not set
[INFO] GE(47097,python):2026-09-04-09:25:27.649.030 [op_tiling_manager.cc:111]47097 ~FuncPerfScope:[GEPERFTRACE] The time cost of OpTilingManager::LoadSo is [20375] micro seconds.
[INFO] IDEDD(47097,python):2026-09-04-09:25:27.660.678 [adx_dump_record.cpp:699][tid:47163] start dump thread, remote dump record temp path : /data/w00933206/ops/flash-linear-attention-npu/.
[INFO] DRV(47097,python):2026-09-04-09:25:27.661.175 [drv_share_log.c:229][ascend][curpid:47097,47165][drv][hdc][share_log_read_in_single_module]Server create success. (dev_id=0; fid=0; pid=523358; service_type="service_dump")
[INFO] DRV(47097,python):2026-09-04-09:25:27.661.362 [drv_share_log.c:229][ascend][curpid:47097,47165][drv][hdc][share_log_read_in_single_module]Server create success. (dev_id=1; fid=0; pid=523358; service_type="service_dump")
[INFO] DRV(47097,python):2026-09-04-09:25:27.661.476 [drv_share_log.c:229][ascend][curpid:47097,47165][drv][hdc][share_log_read_in_single_module]Server create success. (dev_id=2; fid=0; pid=523358; service_type="service_dump")
[INFO] DRV(47097,python):2026-09-04-09:25:27.661.568 [drv_share_log.c:229][ascend][curpid:47097,47165][drv][hdc][share_log_read_in_single_module]Server create success. (dev_id=3; fid=0; pid=523358; service_type="service_dump")
[INFO] DRV(47097,python):2026-09-04-09:25:27.661.659 [drv_share_log.c:229][ascend][curpid:47097,47165][drv][hdc][share_log_read_in_single_module]Server create success. (dev_id=4; fid=0; pid=523358; service_type="service_dump")
[INFO] DRV(47097,python):2026-09-04-09:25:27.661.751 [drv_share_log.c:229][ascend][curpid:47097,47165][drv][hdc][share_log_read_in_single_module]Server create success. (dev_id=5; fid=0; pid=523358; service_type="service_dump")
[INFO] DRV(47097,python):2026-09-04-09:25:27.661.845 [drv_share_log.c:229][ascend][curpid:47097,47165][drv][hdc][share_log_read_in_single_module]Server create success. (dev_id=6; fid=0; pid=523358; service_type="service_dump")
[INFO] DRV(47097,python):2026-09-04-09:25:27.661.941 [drv_share_log.c:229][ascend][curpid:47097,47165][drv][hdc][share_log_read_in_single_module]Server create success. (dev_id=7; fid=0; pid=523358; service_type="service_dump")
[INFO] IDEDD(47097,python):2026-09-04-09:25:27.663.886 [dump_manager.cpp:240][tid:47097] Set aic_err_brief_dump[3] dump setting, status: on, dump switch: 3
[INFO] ASCENDCL(47097,python):2026-09-04-09:25:27.664.951 [acl_op_resource_manager.cpp:62]47097 GetRuntimeV2Env: runtime v2 flag : model flag = 1, singleOp flag = 1
[INFO] PROFILING(47097,python):2026-09-04-09:25:27.666.572 [platform.cpp:52] (tid:47097) Profiling platform version: 1.0.
[INFO] PROFILING(47097,python):2026-09-04-09:25:27.666.592 [platform.cpp:264] (tid:47097) Succeeded to DrvGetApiVersion version: 0x72418
[INFO] ASCENDCL(47097,python):2026-09-04-09:25:27.666.694 [acl.cpp:350]47097 GetAllPackageVersion: Version of runtime package is 9.1.0
[INFO] ASCENDCL(47097,python):2026-09-04-09:25:27.666.707 [acl.cpp:350]47097 GetAllPackageVersion: Version of runtime package is 9.1.0
[INFO] ASCENDCL(47097,python):2026-09-04-09:25:27.666.731 [acl.cpp:350]47097 GetAllPackageVersion: Version of bisheng-compiler package is 9.1.0
[INFO] ASCENDCL(47097,python):2026-09-04-09:25:27.666.741 [acl.cpp:350]47097 GetAllPackageVersion: Version of hccl package is 9.1.0
[INFO] ASCENDCL(47097,python):2026-09-04-09:25:27.666.755 [acl.cpp:350]47097 GetAllPackageVersion: Version of oam-tools package is 9.1.0
[INFO] ASCENDCL(47097,python):2026-09-04-09:25:27.666.768 [acl.cpp:350]47097 GetAllPackageVersion: Version of ops-legacy package is 9.1.0
[INFO] ASCENDCL(47097,python):2026-09-04-09:25:27.666.777 [acl.cpp:350]47097 GetAllPackageVersion: Version of ops-legacy package is 9.1.0
[INFO] ASCENDCL(47097,python):2026-09-04-09:25:27.666.781 [acl.cpp:352]47097 GetAllPackageVersion: Version of driver package is not found
[INFO] ATRACE(47097,python):2026-09-04-09:25:27.677.132 [atrace_client_core.c:160](tid:47097) start to receive device[0] trace log.
[INFO] ASCENDCL(47097,python):2026-09-04-09:25:27.677.174 [acl_resource_manager.cpp:139]47097 GetRuntimeV2Env: runtime v2 flag : model flag = 1, singleOp flag = 1
[INFO] TDT(47097,python):2026-09-04-09:25:27.677.210 [client_manager.cpp:141][GetInstance][tid:47097] [ClientManager] Current mode:1
[INFO] TDT(47097,python):2026-09-04-09:25:27.677.235 [process_mode_base.cpp:145][GetLogLevel][tid:47097] [TsdClient] get ASCEND_GLOBAL_LOG_LEVEL [3] ASCEND_GLOBAL_EVENT_ENABLE [] ASCEND_MODULE_LOG_LEVEL []
[INFO] TDT(47097,python):2026-09-04-09:25:27.677.283 [process_mode_manager.cpp:132][OpenProcess][tid:47097] [ProcessModeManager] enter into open process deviceId[0] rankSize[0]
[INFO] TDT(47097,python):2026-09-04-09:25:27.677.347 [process_mode_manager.cpp:269][IsSupportCommonSink][tid:47097] mutexFile[/usr/local/Ascend/driver/lib64/driver/sink_file_mutex_0.cfg] found means supporting common sink
[INFO] TDT(47097,python):2026-09-04-09:25:27.677.430 [process_mode_manager.cpp:561][InitTsdClient][tid:47097] [TsdClient] deviceId[0] begin to init hdc client
[INFO] TDT(47097,python):2026-09-04-09:25:27.678.652 [version_verify.cpp:39][SetVersionInfo][tid:47097] VersionVerify: send client version to server
[INFO] TDT(47097,python):2026-09-04-09:25:27.683.242 [version_verify.cpp:71][PeerVersionCheck][tid:47097] VersionVerify: Check client version info, server[1230], client[1230]
[INFO] TDT(47097,python):2026-09-04-09:25:27.683.251 [version_verify.cpp:92][ParseVersionInfo][tid:47097] VersionVerify: pass client version info success
[INFO] TDT(47097,python):2026-09-04-09:25:27.683.254 [hdc_client.cpp:243][CheckHdcConnection][tid:47097] Service create hdc successfully.
[INFO] TDT(47097,python):2026-09-04-09:25:27.683.867 [process_mode_manager.cpp:2520][GetShortSocVersion][tid:47097] get short_soc_version:Ascend950
[INFO] TDT(47097,python):2026-09-04-09:25:27.683.927 [package_process_config.cpp:264][SetConfigDataOnHost][tid:47097] insert package:Ascend-aicpu_legacy.tar.gz config
[INFO] TDT(47097,python):2026-09-04-09:25:27.683.937 [package_process_config.cpp:264][SetConfigDataOnHost][tid:47097] insert package:Ascend910-aicpu_legacy.tar.gz config
[INFO] TDT(47097,python):2026-09-04-09:25:27.683.942 [package_process_config.cpp:264][SetConfigDataOnHost][tid:47097] insert package:Ascend310P-aicpu_legacy.tar.gz config
[INFO] TDT(47097,python):2026-09-04-09:25:27.683.952 [package_process_config.cpp:264][SetConfigDataOnHost][tid:47097] insert package:aicpu_hccl.tar.gz config
[INFO] TDT(47097,python):2026-09-04-09:25:27.683.959 [package_process_config.cpp:264][SetConfigDataOnHost][tid:47097] insert package:mc2_server.tar.gz config
[INFO] TDT(47097,python):2026-09-04-09:25:27.683.982 [package_process_config.cpp:264][SetConfigDataOnHost][tid:47097] insert package:aicpu_hcomm.tar.gz config
[INFO] TDT(47097,python):2026-09-04-09:25:27.683.990 [package_process_config.cpp:264][SetConfigDataOnHost][tid:47097] insert package:cann-hixl-compat.tar.gz config
[INFO] TDT(47097,python):2026-09-04-09:25:27.683.997 [package_process_config.cpp:264][SetConfigDataOnHost][tid:47097] insert package:cann-hcomm-compat.tar.gz config
[INFO] TDT(47097,python):2026-09-04-09:25:27.684.013 [package_process_config.cpp:264][SetConfigDataOnHost][tid:47097] insert package:cann-hccd-compat.tar.gz config
[INFO] TDT(47097,python):2026-09-04-09:25:27.684.019 [package_process_config.cpp:264][SetConfigDataOnHost][tid:47097] insert package:cann-udf-compat.tar.gz config
[INFO] TDT(47097,python):2026-09-04-09:25:27.684.025 [package_process_config.cpp:264][SetConfigDataOnHost][tid:47097] insert package:cann-tsch-compat.tar.gz config
[INFO] TDT(47097,python):2026-09-04-09:25:27.684.039 [package_process_config.cpp:328][RefreshHostPluginVersions][tid:47097] host plugin pkg:cann-hcomm-compat.tar.gz ini parsed, version:9.1.0 timestamp:20260730_231653901
[INFO] TDT(47097,python):2026-09-04-09:25:27.684.050 [package_process_config.cpp:328][RefreshHostPluginVersions][tid:47097] host plugin pkg:cann-tsch-compat.tar.gz ini parsed, version:9.1.0 timestamp:20260730_231653901
[INFO] TDT(47097,python):2026-09-04-09:25:27.684.074 [version_verify.cpp:117][SpecialFeatureCheck][tid:47097] VersionVerify: previous type[69], supported
[INFO] TDT(47097,python):2026-09-04-09:25:27.684.991 [process_mode_msg_parse.cpp:202][HandleDevicePluginVersionRsp][tid:47097] device plugin info rsp, pkgCount:0
[INFO] TDT(47097,python):2026-09-04-09:25:27.684.998 [process_mode_manager.cpp:2216][LoadPackageConfigInfoToDevice][tid:47097] Receive load package config response result:0
[INFO] TDT(47097,python):2026-09-04-09:25:27.685.007 [process_mode_manager.cpp:269][IsSupportCommonSink][tid:47097] mutexFile[/usr/local/Ascend/driver/lib64/driver/sink_file_mutex_0.cfg] found means supporting common sink
[INFO] TDT(47097,python):2026-09-04-09:25:27.685.010 [process_mode_manager.cpp:287][LoadSysOpKernel][tid:47097] [TsdClient][logicDeviceId_=0] use legacy package
[INFO] TDT(47097,python):2026-09-04-09:25:27.685.066 [client_manager.cpp:282][CheckPackageExistsOnce][tid:47097] [TsdClient][deviceId=0] pkg size[0] in path[/usr/local/Ascend/cann-9.1.0/opp/built-in/] must be only one, skip send package, packageType[6]
[INFO] TDT(47097,python):2026-09-04-09:25:27.685.072 [process_mode_manager.cpp:292][LoadSysOpKernel][tid:47097] [TsdClient][logicDeviceId_=0] can not find aicpu packages
[INFO] TDT(47097,python):2026-09-04-09:25:27.685.078 [process_mode_manager.cpp:269][IsSupportCommonSink][tid:47097] mutexFile[/usr/local/Ascend/driver/lib64/driver/sink_file_mutex_0.cfg] found means supporting common sink
[INFO] TDT(47097,python):2026-09-04-09:25:27.685.084 [process_mode_manager.cpp:2307][LoadSinglePackageToDevice][tid:47097] begin to load package:Ascend-aicpu_legacy.tar.gz to device:0
[INFO] TDT(47097,python):2026-09-04-09:25:27.685.096 [package_process_config.cpp:393][GetPkgHostAndDeviceDstPath][tid:47097] get orgFile:/usr/local/Ascend/cann-9.1.0/opp/Ascend/aicpu/Ascend-aicpu_legacy.tar.gz, dstFile:/home/HwHiAiUser/hdcd/device0/aicpu/523358_Ascend-aicpu_legacy.tar.gz
[INFO] TDT(47097,python):2026-09-04-09:25:27.924.033 [process_mode_manager.cpp:2497][GetCurHostMutexFile][tid:47097] get masterId:0, logicDeviceId:0, physicalDeviceId[0],devOsId:0, mutexFile:sink_file_mutex_0.cfg, maxcount:8
[INFO] TDT(47097,python):2026-09-04-09:25:27.924.057 [process_mode_manager.cpp:473][SendHostPackageComplex][tid:47097] get host mutex file:/usr/local/Ascend/driver/lib64/driver/sink_file_mutex_0.cfg, logicDeviceId:0
[INFO] TDT(47097,python):2026-09-04-09:25:28.987.790 [version_verify.cpp:117][SpecialFeatureCheck][tid:47097] VersionVerify: previous type[67], supported
[INFO] TDT(47097,python):2026-09-04-09:25:28.988.425 [process_mode_manager.cpp:771][GetDeviceCheckCodeOnce][tid:47097] [TsdClient][deviceId=0] [sessionId=1] wait package info response
[INFO] TDT(47097,python):2026-09-04-09:25:28.992.567 [process_mode_manager.cpp:400][SendAICPUPackageSimple][tid:47097] [TsdClient][deviceId=0] no equal to begin send file[/usr/local/Ascend/cann-9.1.0/opp/Ascend/aicpu/Ascend-aicpu_legacy.tar.gz] to [/home/HwHiAiUser/hdcd/device0/aicpu/523358_Ascend-aicpu_legacy.tar.gz]
[INFO] TDT(47097,python):2026-09-04-09:25:29.489.863 [process_mode_manager.cpp:420][SendAICPUPackageSimple][tid:47097] [TsdClient][deviceId=0] hdc send file[/usr/local/Ascend/cann-9.1.0/opp/Ascend/aicpu/Ascend-aicpu_legacy.tar.gz] to [/home/HwHiAiUser/hdcd/device0/aicpu/523358_Ascend-aicpu_legacy.tar.gz] success
[INFO] TDT(47097,python):2026-09-04-09:25:29.489.959 [process_mode_manager.cpp:561][InitTsdClient][tid:47097] [TsdClient] deviceId[0] begin to init hdc client
[INFO] TDT(47097,python):2026-09-04-09:25:29.520.830 [version_verify.cpp:39][SetVersionInfo][tid:47097] VersionVerify: send client version to server
[INFO] TDT(47097,python):2026-09-04-09:25:29.525.197 [version_verify.cpp:71][PeerVersionCheck][tid:47097] VersionVerify: Check client version info, server[1230], client[1230]
[INFO] TDT(47097,python):2026-09-04-09:25:29.525.213 [version_verify.cpp:92][ParseVersionInfo][tid:47097] VersionVerify: pass client version info success
[INFO] TDT(47097,python):2026-09-04-09:25:29.525.220 [hdc_client.cpp:243][CheckHdcConnection][tid:47097] Service create hdc successfully.
[INFO] TDT(47097,python):2026-09-04-09:25:29.525.236 [version_verify.cpp:117][SpecialFeatureCheck][tid:47097] VersionVerify: previous type[67], supported
[INFO] TDT(47097,python):2026-09-04-09:25:29.525.416 [process_mode_manager.cpp:771][GetDeviceCheckCodeOnce][tid:47097] [TsdClient][deviceId=0] [sessionId=1] wait package info response
[INFO] TDT(47097,python):2026-09-04-09:25:38.544.408 [process_mode_manager.cpp:2344][LoadSinglePackageToDevice][tid:47097] load package:Ascend-aicpu_legacy.tar.gz to device:0 success
[INFO] TDT(47097,python):2026-09-04-09:25:38.544.461 [process_mode_manager.cpp:2307][LoadSinglePackageToDevice][tid:47097] begin to load package:Ascend310P-aicpu_legacy.tar.gz to device:0
[INFO] TDT(47097,python):2026-09-04-09:25:38.544.478 [process_mode_manager.cpp:2322][LoadSinglePackageToDevice][tid:47097] cannot find package:Ascend310P-aicpu_legacy.tar.gz, optional is true skip
[INFO] TDT(47097,python):2026-09-04-09:25:38.544.487 [process_mode_manager.cpp:2307][LoadSinglePackageToDevice][tid:47097] begin to load package:Ascend910-aicpu_legacy.tar.gz to device:0
[INFO] TDT(47097,python):2026-09-04-09:25:38.544.496 [process_mode_manager.cpp:2322][LoadSinglePackageToDevice][tid:47097] cannot find package:Ascend910-aicpu_legacy.tar.gz, optional is true skip
[INFO] TDT(47097,python):2026-09-04-09:25:38.544.504 [process_mode_manager.cpp:2307][LoadSinglePackageToDevice][tid:47097] begin to load package:aicpu_hccl.tar.gz to device:0
[INFO] TDT(47097,python):2026-09-04-09:25:38.544.526 [package_process_config.cpp:393][GetPkgHostAndDeviceDstPath][tid:47097] get orgFile:/usr/local/Ascend/cann-9.1.0/opp/built-in/op_impl/aicpu/kernel/aicpu_hccl.tar.gz, dstFile:/home/HwHiAiUser/hdcd/device0/aicpu/523358_aicpu_hccl.tar.gz
[INFO] TDT(47097,python):2026-09-04-09:25:38.557.076 [process_mode_manager.cpp:2333][LoadSinglePackageToDevice][tid:47097] current package:aicpu_hccl.tar.gz is same as device, skip load
[INFO] TDT(47097,python):2026-09-04-09:25:38.557.096 [process_mode_manager.cpp:2307][LoadSinglePackageToDevice][tid:47097] begin to load package:aicpu_hcomm.tar.gz to device:0
[INFO] TDT(47097,python):2026-09-04-09:25:38.557.108 [package_process_config.cpp:393][GetPkgHostAndDeviceDstPath][tid:47097] get orgFile:/usr/local/Ascend/cann-9.1.0/opp/built-in/op_impl/aicpu/kernel/aicpu_hcomm.tar.gz, dstFile:/home/HwHiAiUser/hdcd/device0/aicpu/523358_aicpu_hcomm.tar.gz
[INFO] TDT(47097,python):2026-09-04-09:25:38.604.394 [process_mode_manager.cpp:2333][LoadSinglePackageToDevice][tid:47097] current package:aicpu_hcomm.tar.gz is same as device, skip load
[INFO] TDT(47097,python):2026-09-04-09:25:38.604.405 [process_mode_manager.cpp:2307][LoadSinglePackageToDevice][tid:47097] begin to load package:cann-hccd-compat.tar.gz to device:0
[INFO] TDT(47097,python):2026-09-04-09:25:38.604.409 [process_mode_manager.cpp:2309][LoadSinglePackageToDevice][tid:47097] current package:cann-hccd-compat.tar.gz does not need to load to device:0
[INFO] TDT(47097,python):2026-09-04-09:25:38.604.411 [process_mode_manager.cpp:2307][LoadSinglePackageToDevice][tid:47097] begin to load package:cann-hcomm-compat.tar.gz to device:0
[INFO] TDT(47097,python):2026-09-04-09:25:38.604.428 [package_process_config.cpp:393][GetPkgHostAndDeviceDstPath][tid:47097] get orgFile:/usr/local/Ascend/cann-9.1.0/compat/cann-hcomm-compat.tar.gz, dstFile:/home/HwHiAiUser/hdcd/device0/aicpu/523358_cann-hcomm-compat.tar.gz
[WARNING] TDT(47097,python):2026-09-04-09:25:38.614.080 [process_mode_manager.cpp:2414][GetPluginUpdateStrategy][tid:47097] [TsdClient][deviceId=0] halGetDeviceInfo(INFO_TYPE_SWPLUGIN_UPGRADE_POLICY) failed, retCode[3], fallback to PLUGIN_NOT_FORCE_UPDATE
[INFO] TDT(47097,python):2026-09-04-09:25:38.614.091 [process_mode_manager.cpp:2452][CompareHostDeviceCompatPluginVersion][tid:47097] device plugin pkg:cann-hcomm-compat.tar.gz version unavailable, fallback to checkcode compare
[INFO] TDT(47097,python):2026-09-04-09:25:38.614.095 [process_mode_manager.cpp:2329][LoadSinglePackageToDevice][tid:47097] skip load compat plugin package:cann-hcomm-compat.tar.gz by version/strategy check
[INFO] TDT(47097,python):2026-09-04-09:25:38.614.097 [process_mode_manager.cpp:2307][LoadSinglePackageToDevice][tid:47097] begin to load package:cann-hixl-compat.tar.gz to device:0
[INFO] TDT(47097,python):2026-09-04-09:25:38.614.102 [package_process_config.cpp:393][GetPkgHostAndDeviceDstPath][tid:47097] get orgFile:/usr/local/Ascend/cann-9.1.0/opp/built-in/op_impl/aicpu/kernel/cann-hixl-compat.tar.gz, dstFile:/home/HwHiAiUser/hdcd/device0/aicpu/523358_cann-hixl-compat.tar.gz
[INFO] TDT(47097,python):2026-09-04-09:25:38.614.268 [process_mode_manager.cpp:2333][LoadSinglePackageToDevice][tid:47097] current package:cann-hixl-compat.tar.gz is same as device, skip load
[INFO] TDT(47097,python):2026-09-04-09:25:38.614.273 [process_mode_manager.cpp:2307][LoadSinglePackageToDevice][tid:47097] begin to load package:cann-tsch-compat.tar.gz to device:0
[INFO] TDT(47097,python):2026-09-04-09:25:38.614.275 [process_mode_manager.cpp:2282][SupportLoadPkg][tid:47097] current device chip:15 does not support package:cann-tsch-compat.tar.gz
[INFO] TDT(47097,python):2026-09-04-09:25:38.614.277 [process_mode_manager.cpp:2309][LoadSinglePackageToDevice][tid:47097] current package:cann-tsch-compat.tar.gz does not need to load to device:0
[INFO] TDT(47097,python):2026-09-04-09:25:38.614.280 [process_mode_manager.cpp:2307][LoadSinglePackageToDevice][tid:47097] begin to load package:cann-udf-compat.tar.gz to device:0
[INFO] TDT(47097,python):2026-09-04-09:25:38.614.282 [process_mode_manager.cpp:2309][LoadSinglePackageToDevice][tid:47097] current package:cann-udf-compat.tar.gz does not need to load to device:0
[INFO] TDT(47097,python):2026-09-04-09:25:38.614.284 [process_mode_manager.cpp:2307][LoadSinglePackageToDevice][tid:47097] begin to load package:mc2_server.tar.gz to device:0
[INFO] TDT(47097,python):2026-09-04-09:25:38.614.290 [package_process_config.cpp:393][GetPkgHostAndDeviceDstPath][tid:47097] get orgFile:/usr/local/Ascend/cann-9.1.0/opp/built-in/op_impl/aicpu/kernel/mc2_server.tar.gz, dstFile:/home/HwHiAiUser/hdcd/device0/aicpu/523358_mc2_server.tar.gz
[INFO] TDT(47097,python):2026-09-04-09:25:38.615.725 [process_mode_manager.cpp:2333][LoadSinglePackageToDevice][tid:47097] current package:mc2_server.tar.gz is same as device, skip load
[INFO] TDT(47097,python):2026-09-04-09:25:38.615.752 [process_mode_manager.cpp:561][InitTsdClient][tid:47097] [TsdClient] deviceId[0] begin to init hdc client
[INFO] TDT(47097,python):2026-09-04-09:25:38.632.155 [version_verify.cpp:39][SetVersionInfo][tid:47097] VersionVerify: send client version to server
[INFO] TDT(47097,python):2026-09-04-09:25:38.634.689 [version_verify.cpp:71][PeerVersionCheck][tid:47097] VersionVerify: Check client version info, server[1230], client[1230]
[INFO] TDT(47097,python):2026-09-04-09:25:38.634.701 [version_verify.cpp:92][ParseVersionInfo][tid:47097] VersionVerify: pass client version info success
[INFO] TDT(47097,python):2026-09-04-09:25:38.634.707 [hdc_client.cpp:243][CheckHdcConnection][tid:47097] Service create hdc successfully.
[INFO] TDT(47097,python):2026-09-04-09:25:38.634.724 [process_mode_manager.cpp:620][ConstructOpenMsg][tid:47097] [TsdClient] tsd get process sign successfully, procpid[523358] signSize[0]
[INFO] TDT(47097,python):2026-09-04-09:25:38.634.746 [version_verify.cpp:117][SpecialFeatureCheck][tid:47097] VersionVerify: previous type[6], supported
[INFO] TDT(47097,python):2026-09-04-09:25:38.635.061 [process_mode_manager.cpp:159][OpenProcess][tid:47097] [ProcessModeManager] deviceId[0] sessionId[1] rankSize[0], wait subprocess start response
[INFO] TDT(47097,python):2026-09-04-09:25:41.473.558 [stub_process_mode_nowin.cpp:22][ProcessQueueForAdc][tid:47097] [TsdClient] it is unnecessary for current mode[0] to grant queue auth to aicpusd
[INFO] TDT(47097,python):2026-09-04-09:25:41.473.607 [process_mode_manager.cpp:197][OpenProcess][tid:47097] [TsdClient][deviceId=0] [sessionId=1] start hccp and computer process success,whole process spent time as follows:phase1:[7]ms load sink package config to device,phase2:[0]ms load opkernel to device,phase3:[10930]ms load sink package to device,phase4:[19]ms send open message to device,phase5:[2838]ms receive open message to device,phase6:[0]ms process for adc on host,whole duration:[13796]ms
[INFO] DRV(47097,python):2026-09-04-09:25:41.473.668 [event_sched.c:1536][ascend][curpid:47097,47097][drv][event-sche][esched_device_open]The dev_id has opened. (dev_id=0)
[INFO] DRV(47097,python):2026-09-04-09:25:41.474.414 [drv_share_log.c:229][ascend][curpid:47097,47097][drv][devmm][share_log_read_in_single_module]Open. (udevid=65; tgid=523358)
[INFO] DRV(47097,python):2026-09-04-09:25:41.474.719 [drv_share_log.c:229][ascend][curpid:47097,47097][drv][devmm][share_log_read_in_single_module]Open. (udevid=0; tgid=523358)
[INFO] DRV(47097,python):2026-09-04-09:25:41.544.034 [queue_interface.c:954][ascend][curpid:47097,47097][drv][queuemng][queue_device_open]queue open finish. (dev_id=0)
[INFO] RUNTIME(47097,python):2026-09-04-09:25:41.544.632 [raw_device.cc:560] 47097 Init: isAddrFlat:0
[INFO] TDT(47097,python):2026-09-04-09:25:41.563.514 [tsd_client.cpp:188][TsdCapabilityGet][tid:47097] TsdCapabilityGet Begin.
[INFO] TDT(47097,python):2026-09-04-09:25:41.563.538 [process_mode_manager.cpp:1075][CapabilityGet][tid:47097] [ProcessModeManager] enter into CapabilityGet process deviceId[0] type[0].
[INFO] TDT(47097,python):2026-09-04-09:25:41.563.553 [version_verify.cpp:117][SpecialFeatureCheck][tid:47097] VersionVerify: previous type[38], supported
[INFO] TDT(47097,python):2026-09-04-09:25:41.563.754 [process_mode_manager.cpp:1098][CapabilityGet][tid:47097] [TsdClient][deviceId=0] [sessionId=1] [type=0]send capability successfully.
[INFO] TDT(47097,python):2026-09-04-09:25:41.569.146 [process_mode_msg_parse.cpp:262][PidQosMsgProc][tid:47097] [TsdClient] PidQosMsgProc recvMsg realDeviceId[0] msgType[39] localDevId[0] rspCode[0],pidqos[1]
[INFO] TDT(47097,python):2026-09-04-09:25:41.569.160 [process_mode_manager.cpp:1103][CapabilityGet][tid:47097] [TsdClient][logicDeviceId_=0][type=0][pidQos=1][ret=0]recv capability response finished.
[INFO] RUNTIME(47097,python):2026-09-04-09:25:41.569.178 [engine.cc:82] 47097 Engine: Constructor.
[INFO] RUNTIME(47097,python):2026-09-04-09:25:41.569.185 [stars_engine.cc:53] 47097 StarsEngine: Constructor.
[INFO] RUNTIME(47097,python):2026-09-04-09:25:41.634.895 [runtime.cc:4926] 47097 CreateReportRasThread: Start report ras thread success!
[INFO] RUNTIME(47097,python):2026-09-04-09:25:41.635.074 [npu_driver_res.cc:269] 47170 GetDeviceStatus: GetDeviceStatus status=1.
[INFO] ATRACE(47097,python):2026-09-04-09:25:41.655.244 [tracer_mgr_operate.c:66](tid:47097) create object RUNTIME_ATRACE_DEV0_TS0 successfully, exitSave(false), noLock(false).
[INFO] TDT(47097,python):2026-09-04-09:25:41.655.279 [client_manager.cpp:210][SetProfilingCallback][tid:47097] [TsdClient] set profiling callback successfully
[ChunkGdnFwdPrepare][Tiling] q originRank=4 storageRank=4 origin=[1,4,1792,128] storage=[1,4,1792,128]
[ChunkGdnFwdPrepare][Tiling] k originRank=4 storageRank=4 origin=[1,4,1792,128] storage=[1,4,1792,128]
[ChunkGdnFwdPrepare][Tiling] v originRank=4 storageRank=4 origin=[1,4,1792,128] storage=[1,4,1792,128]
[ChunkGdnFwdPrepare][Tiling] g originRank=3 storageRank=3 origin=[1,4,1792] storage=[1,4,1792]
[ChunkGdnFwdPrepare][Tiling] beta originRank=3 storageRank=3 origin=[1,4,1792] storage=[1,4,1792]
[ChunkGdnFwdPrepare][Tiling] a_log=null
[ChunkGdnFwdPrepare][Tiling] dt_bias=null
[ChunkGdnFwdPrepare][Tiling] cu_seqlens=null
[ChunkGdnFwdPrepare][Tiling] chunk_indices=null
[ChunkGdnFwdPrepare][Tiling] B=1 Hk=4 Hv=4 T=1792 K=128 V=128 chunkSize=64 seqNum=1 totalChunks=112
[ChunkGdnFwdPrepare][Tiling] flags: useQkL2norm=1 (qHat=1 kHat=1 qRstd=1 kRstd=1) useGate=0 (aLog=0 dtBias=0) useBetaSigmoid=1 allowNegEigval=0 useExp2=1 isVarlen=0 chunkIndices=0
[ChunkGdnFwdPrepare][Tiling] dtype: q=27 g=0 beta=0 HRatio=1
[ChunkGdnFwdPrepare][Tiling] tilingBytes=192 deviceBytes=200 capacity=819200 coreNum=28
golden=/data/w00933206/ops/Gate_of_Babylon/tests/gdn/cpu_golden.py
pipe-acc: B=1 HK=4 HV=4 T=1792 K=128 V=128 BT=64 BF16
  q_hat        max=0.0004883 mean=1.414e-09 got_absmax=0.3574 ref_absmax=0.3574
  k_hat        max=0.0009766 mean=4.075e-09 got_absmax=0.334 ref_absmax=0.334
  q_rstd       max=1.49e-08 mean=2.801e-09 got_absmax=0.1151 ref_absmax=0.1151
  k_rstd       max=2.235e-08 mean=2.773e-09 got_absmax=0.1155 ref_absmax=0.1155
  beta_out     max=1.192e-07 mean=5.828e-09 got_absmax=0.9812 ref_absmax=0.9812
  g_cumsum     max=5.722e-06 mean=5.674e-07 got_absmax=34.68 ref_absmax=34.68
  A            max=1.206e+08 mean=1052 got_absmax=7.624e+10 ref_absmax=7.626e+10
  w            tile-rel max=0.007272 gt0.08=0/112 got_absmax=3.456e+09 ref_absmax=3.456e+09
  u            tile-rel max=0.006939 gt0.08=0/112 got_absmax=1.675e+11 ref_absmax=1.683e+11
PASS
[INFO] ASCENDCL(47097,python):2026-09-04-09:25:42.700.835 [resource_statistics.cpp:113]47097 TraverseStatistics: The ResourceType:ACL_STATISTICS_MALLOC_FREE, applyTotal = 3, applySucc = 3, releaseTotal = 3, releaseSucc = 3
[INFO] ASCENDCL(47097,python):2026-09-04-09:25:42.700.882 [resource_statistics.cpp:113]47097 TraverseStatistics: The ResourceType:ACL_STATISTICS_MALLOC_FREE_HOST, applyTotal = 0, applySucc = 0, releaseTotal = 0, releaseSucc = 0
[INFO] ASCENDCL(47097,python):2026-09-04-09:25:42.700.893 [resource_statistics.cpp:113]47097 TraverseStatistics: The ResourceType:ACL_STATISTICS_CREATE_DESTROY_CONTEXT, applyTotal = 0, applySucc = 0, releaseTotal = 0, releaseSucc = 0
[INFO] ASCENDCL(47097,python):2026-09-04-09:25:42.700.901 [resource_statistics.cpp:113]47097 TraverseStatistics: The ResourceType:ACL_STATISTICS_SET_RESET_DEVICE, applyTotal = 2, applySucc = 2, releaseTotal = 1, releaseSucc = 1
[INFO] ASCENDCL(47097,python):2026-09-04-09:25:42.700.909 [resource_statistics.cpp:113]47097 TraverseStatistics: The ResourceType:ACL_STATISTICS_CREATE_DESTROY_EVENT, applyTotal = 0, applySucc = 0, releaseTotal = 0, releaseSucc = 0
[INFO] ASCENDCL(47097,python):2026-09-04-09:25:42.700.917 [resource_statistics.cpp:113]47097 TraverseStatistics: The ResourceType:ACL_STATISTICS_CREATE_DESTROY_STREAM, applyTotal = 2, applySucc = 2, releaseTotal = 1, releaseSucc = 1
[INFO] ASCENDCL(47097,python):2026-09-04-09:25:42.700.923 [resource_statistics.cpp:113]47097 TraverseStatistics: The ResourceType:ACL_STATISTICS_DVPP_MALLOC_FREE, applyTotal = 0, applySucc = 0, releaseTotal = 0, releaseSucc = 0
[INFO] ASCENDCL(47097,python):2026-09-04-09:25:42.700.931 [resource_statistics.cpp:113]47097 TraverseStatistics: The ResourceType:ACL_STATISTICS_RECORD_RESET_EVENT, applyTotal = 0, applySucc = 0, releaseTotal = 0, releaseSucc = 0
[INFO] ASCENDCL(47097,python):2026-09-04-09:25:42.700.939 [resource_statistics.cpp:113]47097 TraverseStatistics: The ResourceType:ACL_STATISTICS_CREATE_DESTROY_DATA_BUFFER, applyTotal = 0, applySucc = 0, releaseTotal = 0, releaseSucc = 0
[INFO] ASCENDCL(47097,python):2026-09-04-09:25:42.700.946 [resource_statistics.cpp:113]47097 TraverseStatistics: The ResourceType:ACL_STATISTICS_CREATE_DESTROY_TENSOR_DESC, applyTotal = 0, applySucc = 0, releaseTotal = 0, releaseSucc = 0
[INFO] ASCENDCL(47097,python):2026-09-04-09:25:42.700.989 [resource_statistics.cpp:113]47097 TraverseStatistics: The ResourceType:ACL_STATISTICS_CREATE_DESTROY_DESC, applyTotal = 0, applySucc = 0, releaseTotal = 0, releaseSucc = 0
[INFO] ASCENDCL(47097,python):2026-09-04-09:25:42.700.998 [resource_statistics.cpp:113]47097 TraverseStatistics: The ResourceType:ACL_STATISTICS_CREATE_DESTROY_DATASET, applyTotal = 0, applySucc = 0, releaseTotal = 0, releaseSucc = 0
[INFO] ASCENDCL(47097,python):2026-09-04-09:25:42.701.006 [resource_statistics.cpp:113]47097 TraverseStatistics: The ResourceType:ACL_STATISTICS_CREATE_LOAD_UNLOAD_MODEL, applyTotal = 0, applySucc = 0, releaseTotal = 0, releaseSucc = 0
[INFO] ASCENDCL(47097,python):2026-09-04-09:25:42.701.013 [resource_statistics.cpp:113]47097 TraverseStatistics: The ResourceType:ACL_STATISTICS_CREATE_DESTROY_AIPP, applyTotal = 0, applySucc = 0, releaseTotal = 0, releaseSucc = 0
[INFO] ASCENDCL(47097,python):2026-09-04-09:25:42.701.020 [resource_statistics.cpp:113]47097 TraverseStatistics: The ResourceType:ACL_STATISTICS_CREATE_DESTROY_ATTR, applyTotal = 0, applySucc = 0, releaseTotal = 0, releaseSucc = 0
[INFO] ASCENDCL(47097,python):2026-09-04-09:25:42.701.027 [resource_statistics.cpp:113]47097 TraverseStatistics: The ResourceType:ACL_STATISTICS_CREATE_DESTROY_HANDLE, applyTotal = 0, applySucc = 0, releaseTotal = 0, releaseSucc = 0
[INFO] ASCENDCL(47097,python):2026-09-04-09:25:42.701.035 [resource_statistics.cpp:113]47097 TraverseStatistics: The ResourceType:ACL_STATISTICS_CREATE_DESTROY_DVPP_CHANNEL_DESC, applyTotal = 0, applySucc = 0, releaseTotal = 0, releaseSucc = 0
[INFO] ASCENDCL(47097,python):2026-09-04-09:25:42.701.042 [resource_statistics.cpp:113]47097 TraverseStatistics: The ResourceType:ACL_STATISTICS_CREATE_DESTROY_DVPP_PIC_DESC, applyTotal = 0, applySucc = 0, releaseTotal = 0, releaseSucc = 0
[INFO] ASCENDCL(47097,python):2026-09-04-09:25:42.701.049 [resource_statistics.cpp:113]47097 TraverseStatistics: The ResourceType:ACL_STATISTICS_CREATE_DESTROY_DVPP_ROI_CONFIG, applyTotal = 0, applySucc = 0, releaseTotal = 0, releaseSucc = 0
[INFO] ASCENDCL(47097,python):2026-09-04-09:25:42.701.057 [resource_statistics.cpp:113]47097 TraverseStatistics: The ResourceType:ACL_STATISTICS_CREATE_DESTROY_DVPP_RESIZE_CONFIG, applyTotal = 0, applySucc = 0, releaseTotal = 0, releaseSucc = 0
[INFO] ASCENDCL(47097,python):2026-09-04-09:25:42.701.064 [resource_statistics.cpp:113]47097 TraverseStatistics: The ResourceType:ACL_STATISTICS_CREATE_DESTROY_DVPP_JPEGE_CONFIG, applyTotal = 0, applySucc = 0, releaseTotal = 0, releaseSucc = 0
[INFO] ASCENDCL(47097,python):2026-09-04-09:25:42.701.071 [resource_statistics.cpp:113]47097 TraverseStatistics: The ResourceType:ACL_STATISTICS_CREATE_DESTROY_VDEC_CHANNEL_DESC, applyTotal = 0, applySucc = 0, releaseTotal = 0, releaseSucc = 0
[INFO] ASCENDCL(47097,python):2026-09-04-09:25:42.701.079 [resource_statistics.cpp:113]47097 TraverseStatistics: The ResourceType:ACL_STATISTICS_CREATE_DESTROY_VENC_CHANNEL_DESC, applyTotal = 0, applySucc = 0, releaseTotal = 0, releaseSucc = 0
[INFO] ASCENDCL(47097,python):2026-09-04-09:25:42.701.086 [resource_statistics.cpp:113]47097 TraverseStatistics: The ResourceType:ACL_STATISTICS_CREATE_DESTROY_DVPP_STREAM_DESC, applyTotal = 0, applySucc = 0, releaseTotal = 0, releaseSucc = 0
[INFO] ASCENDCL(47097,python):2026-09-04-09:25:42.701.095 [resource_statistics.cpp:113]47097 TraverseStatistics: The ResourceType:ACL_STATISTICS_CREATE_DESTROY_VDEC_FRAME_CONFIG, applyTotal = 0, applySucc = 0, releaseTotal = 0, releaseSucc = 0
[INFO] ASCENDCL(47097,python):2026-09-04-09:25:42.701.103 [resource_statistics.cpp:113]47097 TraverseStatistics: The ResourceType:ACL_STATISTICS_CREATE_DESTROY_VENC_FRAME_CONFIG, applyTotal = 0, applySucc = 0, releaseTotal = 0, releaseSucc = 0
[INFO] ASCENDCL(47097,python):2026-09-04-09:25:42.701.109 [resource_statistics.cpp:113]47097 TraverseStatistics: The ResourceType:ACL_STATISTICS_CREATE_DESTROY_DVPP_CHANNEL, applyTotal = 0, applySucc = 0, releaseTotal = 0, releaseSucc = 0
[INFO] ASCENDCL(47097,python):2026-09-04-09:25:42.701.123 [resource_statistics.cpp:113]47097 TraverseStatistics: The ResourceType:ACL_STATISTICS_CREATE_DESTROY_VDEC_CHANNEL, applyTotal = 0, applySucc = 0, releaseTotal = 0, releaseSucc = 0
[INFO] ASCENDCL(47097,python):2026-09-04-09:25:42.701.129 [resource_statistics.cpp:113]47097 TraverseStatistics: The ResourceType:ACL_STATISTICS_CREATE_DESTROY_VENC_CHANNEL, applyTotal = 0, applySucc = 0, releaseTotal = 0, releaseSucc = 0
[INFO] ASCENDCL(47097,python):2026-09-04-09:25:42.701.136 [resource_statistics.cpp:113]47097 TraverseStatistics: The ResourceType:ACL_STATISTICS_CREATE_DESTROY_DVPP_BATCH_PIC_DESC, applyTotal = 0, applySucc = 0, releaseTotal = 0, releaseSucc = 0
[INFO] ASCENDCL(47097,python):2026-09-04-09:25:42.701.144 [resource_statistics.cpp:113]47097 TraverseStatistics: The ResourceType:ACL_STATISTICS_CREATE_DESTROY_GROUP_INFO, applyTotal = 0, applySucc = 0, releaseTotal = 0, releaseSucc = 0
[INFO] ASCENDCL(47097,python):2026-09-04-09:25:42.701.151 [resource_statistics.cpp:113]47097 TraverseStatistics: The ResourceType:ACL_STATISTICS_CREATE_DESTROY_PROF_CONFIG, applyTotal = 0, applySucc = 0, releaseTotal = 0, releaseSucc = 0
[INFO] ASCENDCL(47097,python):2026-09-04-09:25:42.701.158 [resource_statistics.cpp:113]47097 TraverseStatistics: The ResourceType:ACL_STATISTICS_CREATE_DESTROY_PROF_SUB_CONFIG, applyTotal = 0, applySucc = 0, releaseTotal = 0, releaseSucc = 0
[INFO] ASCENDCL(47097,python):2026-09-04-09:25:42.701.166 [resource_statistics.cpp:113]47097 TraverseStatistics: The ResourceType:ACL_STATISTICS_CREATE_DESTROY_MODEL_CONFIG, applyTotal = 0, applySucc = 0, releaseTotal = 0, releaseSucc = 0
[INFO] ASCENDCL(47097,python):2026-09-04-09:25:42.701.173 [resource_statistics.cpp:113]47097 TraverseStatistics: The ResourceType:ACL_STATISTICS_CREATE_DESTROY_QUEUE_ID, applyTotal = 0, applySucc = 0, releaseTotal = 0, releaseSucc = 0
[INFO] ASCENDCL(47097,python):2026-09-04-09:25:42.701.180 [resource_statistics.cpp:113]47097 TraverseStatistics: The ResourceType:ACL_STATISTICS_CREATE_DESTROY_QUEUE_ATTR, applyTotal = 0, applySucc = 0, releaseTotal = 0, releaseSucc = 0
[INFO] ASCENDCL(47097,python):2026-09-04-09:25:42.701.188 [resource_statistics.cpp:113]47097 TraverseStatistics: The ResourceType:ACL_STATISTICS_CREATE_DESTROY_QUEUE_ROUTE, applyTotal = 0, applySucc = 0, releaseTotal = 0, releaseSucc = 0
[INFO] ASCENDCL(47097,python):2026-09-04-09:25:42.701.194 [resource_statistics.cpp:113]47097 TraverseStatistics: The ResourceType:ACL_STATISTICS_CREATE_DESTROY_QUEUE_ROUTE_LIST, applyTotal = 0, applySucc = 0, releaseTotal = 0, releaseSucc = 0
[INFO] ASCENDCL(47097,python):2026-09-04-09:25:42.701.202 [resource_statistics.cpp:113]47097 TraverseStatistics: The ResourceType:ACL_STATISTICS_CREATE_DESTROY_QUEUE_ROUTE_QUERY, applyTotal = 0, applySucc = 0, releaseTotal = 0, releaseSucc = 0
[INFO] ASCENDCL(47097,python):2026-09-04-09:25:42.701.210 [resource_statistics.cpp:113]47097 TraverseStatistics: The ResourceType:ACL_STATISTICS_CREATE_DESTROY_MBUF, applyTotal = 0, applySucc = 0, releaseTotal = 0, releaseSucc = 0
[INFO] ASCENDCL(47097,python):2026-09-04-09:25:42.701.216 [resource_statistics.cpp:113]47097 TraverseStatistics: The ResourceType:ACL_STATISTICS_CREATE_DESTROY_GRAPH_DUMP_OPTION, applyTotal = 0, applySucc = 0, releaseTotal = 0, releaseSucc = 0
[INFO] ASCENDCL(47097,python):2026-09-04-09:25:42.701.224 [resource_statistics.cpp:113]47097 TraverseStatistics: The ResourceType:ACL_STATISTICS_CREATE_DESTROY_ALLOCATOR_DESC, applyTotal = 0, applySucc = 0, releaseTotal = 0, releaseSucc = 0
[INFO] ASCENDCL(47097,python):2026-09-04-09:25:42.701.231 [resource_statistics.cpp:113]47097 TraverseStatistics: The ResourceType:ACL_STATISTICS_CREATE_DESTROY_ALLOCATOR_BINARY_DESC, applyTotal = 0, applySucc = 0, releaseTotal = 0, releaseSucc = 0
[INFO] ASCENDCL(47097,python):2026-09-04-09:25:42.701.239 [resource_statistics.cpp:113]47097 TraverseStatistics: The ResourceType:ACL_STATISTICS_RESERVE_RELEASE_MEMORY_ADDRESS, applyTotal = 0, applySucc = 0, releaseTotal = 0, releaseSucc = 0
[INFO] ASCENDCL(47097,python):2026-09-04-09:25:42.701.254 [resource_statistics.cpp:113]47097 TraverseStatistics: The ResourceType:ACL_STATISTICS_MALLOC_FREE_PHYSICAL_MEMORY, applyTotal = 0, applySucc = 0, releaseTotal = 0, releaseSucc = 0
[INFO] ASCENDCL(47097,python):2026-09-04-09:25:42.701.260 [resource_statistics.cpp:113]47097 TraverseStatistics: The ResourceType:ACL_STATISTICS_MAP_UNMAP_MEMORY, applyTotal = 0, applySucc = 0, releaseTotal = 0, releaseSucc = 0
[INFO] ASCENDCL(47097,python):2026-09-04-09:25:42.701.267 [resource_statistics.cpp:113]47097 TraverseStatistics: The ResourceType:ACL_STATISTICS_LOAD_UNLOAD_BINARY, applyTotal = 0, applySucc = 0, releaseTotal = 0, releaseSucc = 0
[INFO] RUNTIME(47097,python):2026-09-04-09:25:42.705.062 [runtime.cc:5130] 47171 ReportPageFaultProc: pageFaultSupportFlag_=0.
[INFO] DRV(47097,python):2026-09-04-09:25:43.201.506 [drv_share_log.c:229][ascend][curpid:47097,47097][drv][hdc][share_log_read_in_single_module]Server destroy success. (dev_id=0; fid=0; service="service_dump"; pid=523358)
[INFO] DRV(47097,python):2026-09-04-09:25:43.201.568 [drv_share_log.c:229][ascend][curpid:47097,47097][drv][hdc][share_log_read_in_single_module]Server destroy success. (dev_id=1; fid=0; service="service_dump"; pid=523358)
[INFO] DRV(47097,python):2026-09-04-09:25:43.201.586 [drv_share_log.c:229][ascend][curpid:47097,47097][drv][hdc][share_log_read_in_single_module]Server destroy success. (dev_id=2; fid=0; service="service_dump"; pid=523358)
[INFO] DRV(47097,python):2026-09-04-09:25:43.201.602 [drv_share_log.c:229][ascend][curpid:47097,47097][drv][hdc][share_log_read_in_single_module]Server destroy success. (dev_id=3; fid=0; service="service_dump"; pid=523358)
[INFO] DRV(47097,python):2026-09-04-09:25:43.201.615 [drv_share_log.c:229][ascend][curpid:47097,47097][drv][hdc][share_log_read_in_single_module]Server destroy success. (dev_id=4; fid=0; service="service_dump"; pid=523358)
[INFO] DRV(47097,python):2026-09-04-09:25:43.201.629 [drv_share_log.c:229][ascend][curpid:47097,47097][drv][hdc][share_log_read_in_single_module]Server destroy success. (dev_id=5; fid=0; service="service_dump"; pid=523358)
[INFO] DRV(47097,python):2026-09-04-09:25:43.201.646 [drv_share_log.c:229][ascend][curpid:47097,47097][drv][hdc][share_log_read_in_single_module]Server destroy success. (dev_id=6; fid=0; service="service_dump"; pid=523358)
[INFO] DRV(47097,python):2026-09-04-09:25:43.201.665 [drv_share_log.c:229][ascend][curpid:47097,47097][drv][hdc][share_log_read_in_single_module]Server destroy success. (dev_id=7; fid=0; service="service_dump"; pid=523358)
[INFO] RUNTIME(47097,python):2026-09-04-09:25:43.803.209 [runtime.cc:4967] 47171 ReportRasRun: Report ras thread exits normally!
[INFO] RUNTIME(47097,python):2026-09-04-09:25:44.846.148 [runtime_adapt.cc:58] 47097 ~Runtime: runtime destructor.
[INFO] RUNTIME(47097,python):2026-09-04-09:25:44.846.227 [runtime.cc:4936] 47097 DestroyReportRasThread: Join report ras thread OK.
[INFO] RUNTIME(47097,python):2026-09-04-09:25:44.846.238 [runtime.cc:1340] 47097 WaitMonitorExit: wait monitor success, used count=0.
[INFO] ATRACE(47097,python):2026-09-04-09:25:44.951.347 [tracer_mgr_operate.c:248](tid:47097) destroy object RUNTIME_ATRACE_DEV0_TS0, exitSave(false).
[INFO] RUNTIME(47097,python):2026-09-04-09:25:44.954.454 [stars_engine.cc:60] 47097 ~StarsEngine: Destructor.
[INFO] RUNTIME(47097,python):2026-09-04-09:25:44.954.473 [engine.cc:88] 47097 ~Engine: Destructor.
[INFO] DRV(47097,python):2026-09-04-09:25:44.954.500 [queue_interface.c:969][ascend][curpid:47097,47097][drv][queuemng][queue_device_close]queue close finish. (dev_id=0)
[INFO] DRV(47097,python):2026-09-04-09:25:45.008.308 [svm_mem_stats_show.c:38][ascend][curpid:47097,47097][drv][devmm][module_mem_stats_show]MEM_HOST Mem stats (Bytes). (module_name=DEVMM; module_id=22; current_alloced_size=524288; allocated_peak_size=524288; alloc_cnt=1; free_cnt=0)
[INFO] DRV(47097,python):2026-09-04-09:25:45.008.341 [svm_mem_stats_show.c:70][ascend][curpid:47097,47097][drv][devmm][cache_mem_stats_show]MEM_HOST Cached_size:1572864Bytes
[INFO] DRV(47097,python):2026-09-04-09:25:45.008.367 [svm_mem_stats_show.c:38][ascend][curpid:47097,47097][drv][devmm][module_mem_stats_show]MEM_DEV_SMALL_HBM dev0 Mem stats (Bytes). (module_name=RUNTIME; module_id=7; current_alloced_size=0; allocated_peak_size=94208; alloc_cnt=4; free_cnt=4)
[INFO] DRV(47097,python):2026-09-04-09:25:45.008.374 [svm_mem_stats_show.c:70][ascend][curpid:47097,47097][drv][devmm][cache_mem_stats_show]MEM_DEV_SMALL_HBM dev0 Cached_size:2097152Bytes
[INFO] DRV(47097,python):2026-09-04-09:25:45.008.379 [svm_mem_stats_show.c:38][ascend][curpid:47097,47097][drv][devmm][module_mem_stats_show]MEM_DEV_HUGE_HBM dev0 Mem stats (Bytes). (module_name=RUNTIME; module_id=7; current_alloced_size=0; allocated_peak_size=203423744; alloc_cnt=8; free_cnt=8)
[INFO] DRV(47097,python):2026-09-04-09:25:45.008.385 [svm_mem_stats_show.c:38][ascend][curpid:47097,47097][drv][devmm][module_mem_stats_show]MEM_DEV_HUGE_HBM dev0 Mem stats (Bytes). (module_name=APP; module_id=33; current_alloced_size=0; allocated_peak_size=44040192; alloc_cnt=3; free_cnt=3)
[INFO] DRV(47097,python):2026-09-04-09:25:45.008.391 [svm_mem_stats_show.c:70][ascend][curpid:47097,47097][drv][devmm][cache_mem_stats_show]MEM_DEV_HUGE_HBM dev0 Cached_size:65011712Bytes
[INFO] DRV(47097,python):2026-09-04-09:25:45.008.395 [svm_mem_stats_show.c:38][ascend][curpid:47097,47097][drv][devmm][module_mem_stats_show]MEM_DEV_SMALL_P2P_HBM dev0 Mem stats (Bytes). (module_name=RUNTIME; module_id=7; current_alloced_size=0; allocated_peak_size=1048576; alloc_cnt=1; free_cnt=1)
[INFO] DRV(47097,python):2026-09-04-09:25:45.008.399 [svm_mem_stats_show.c:38][ascend][curpid:47097,47097][drv][devmm][module_mem_stats_show]MEM_DEV_SMALL_P2P_HBM dev0 Mem stats (Bytes). (module_name=TSDRV; module_id=23; current_alloced_size=0; allocated_peak_size=2097152; alloc_cnt=1; free_cnt=1)
[INFO] DRV(47097,python):2026-09-04-09:25:45.008.405 [svm_mem_stats_show.c:70][ascend][curpid:47097,47097][drv][devmm][cache_mem_stats_show]MEM_DEV_SMALL_P2P_HBM dev0 Cached_size:2097152Bytes
[INFO] DRV(47097,python):2026-09-04-09:25:45.008.408 [svm_mem_stats_show.c:38][ascend][curpid:47097,47097][drv][devmm][module_mem_stats_show]MEM_DEV_HUGE_P2P_HBM dev0 Mem stats (Bytes). (module_name=RUNTIME; module_id=7; current_alloced_size=0; allocated_peak_size=12582912; alloc_cnt=3; free_cnt=3)
[INFO] DRV(47097,python):2026-09-04-09:25:45.008.414 [svm_mem_stats_show.c:70][ascend][curpid:47097,47097][drv][devmm][cache_mem_stats_show]MEM_DEV_HUGE_P2P_HBM dev0 Cached_size:12582912Bytes
[INFO] DRV(47097,python):2026-09-04-09:25:45.046.618 [drv_share_log.c:229][ascend][curpid:47097,47097][drv][devmm][share_log_read_in_single_module]Release. (udevid=0; tgid=523358; ret=0)
[INFO] DRV(47097,python):2026-09-04-09:25:45.057.313 [event_sched.c:1519][ascend][curpid:47097,47097][drv][event-sche][esched_device_close]Close success. (dev_id=0)
[INFO] RUNTIME(47097,python):2026-09-04-09:25:45.115.590 [tprt.cc:23][TPRT]TID[47097] ~TprtManage: ~TprtManage
[INFO] RUNTIME(47097,python):2026-09-04-09:25:45.116.019 [xpu_task_fail_callback_data_manager.cc:64] 47097 ~XpuTaskFailCallBackManager: XpuTaskFailCallBackManager Destructor.
[INFO] RUNTIME(47097,python):2026-09-04-09:25:45.116.025 [task_fail_callback_data_manager.cc:98] 47097 ~TaskFailCallBackManager: Destructor.
[INFO] ATRACE(47097,python):2026-09-04-09:25:45.168.136 [stacktrace_signal.c:199](tid:47097) unregister all signal handlers, can not capture signal.
[INFO] ATRACE(47097,python):2026-09-04-09:25:45.281.342 [atrace_client_core.c:127](tid:47167) atrace receive thread exited, devId=0.
