[INFO] RUNTIME(80515,python):2026-09-04-11:13:50.707.015 [task_fail_callback_data_manager.cc:93] 80515 TaskFailCallBackManager: Constructor.
[INFO] RUNTIME(80515,python):2026-09-04-11:13:50.707.063 [xpu_task_fail_callback_data_manager.cc:59] 80515 XpuTaskFailCallBackManager: XpuTaskFailCallBackManager Constructor.
[INFO] TDT(80515,python):2026-09-04-11:13:50.712.346 [package_worker_factory.cpp:38][RegisterPackageWorkerCreator][tid:80515] Register[2] package worker was created successfully
[INFO] TDT(80515,python):2026-09-04-11:13:50.712.369 [package_worker_factory.cpp:38][RegisterPackageWorkerCreator][tid:80515] Register[3] package worker was created successfully
[INFO] HCCL(80515,python):2026-09-04-11:13:50.752.554 [adapter_rts.cc:2582] [80515][adapter_rts.cc][CallBackInitRts] g_deviceType [8] g_deviceLogicId [-1] g_devicePhyId [-1]
[INFO] RUNTIME(80515,python):2026-09-04-11:13:52.543.790 [runtime_keeper.cc:211] 80515 CreateRuntimeImpl: Open libruntime_v200.so successfully
[INFO] RUNTIME(80515,python):2026-09-04-11:13:52.544.286 [runtime.cc:4440] 80515 GetVisibleDevices: ASCEND_RT_VISIBLE_DEVICES param was not set
[INFO] GE(80515,python):2026-09-04-11:13:52.805.688 [op_tiling_manager.cc:111]80515 ~FuncPerfScope:[GEPERFTRACE] The time cost of OpTilingManager::LoadSo is [22128] micro seconds.
[INFO] IDEDD(80515,python):2026-09-04-11:13:52.818.225 [adx_dump_record.cpp:699][tid:80581] start dump thread, remote dump record temp path : /data/w00933206/ops/flash-linear-attention-npu/.
[INFO] DRV(80515,python):2026-09-04-11:13:52.818.862 [drv_share_log.c:229][ascend][curpid:80515,80583][drv][hdc][share_log_read_in_single_module]Server create success. (dev_id=0; fid=0; pid=1056115; service_type="service_dump")
[INFO] DRV(80515,python):2026-09-04-11:13:52.819.073 [drv_share_log.c:229][ascend][curpid:80515,80583][drv][hdc][share_log_read_in_single_module]Server create success. (dev_id=1; fid=0; pid=1056115; service_type="service_dump")
[INFO] DRV(80515,python):2026-09-04-11:13:52.819.228 [drv_share_log.c:229][ascend][curpid:80515,80583][drv][hdc][share_log_read_in_single_module]Server create success. (dev_id=2; fid=0; pid=1056115; service_type="service_dump")
[INFO] DRV(80515,python):2026-09-04-11:13:52.819.373 [drv_share_log.c:229][ascend][curpid:80515,80583][drv][hdc][share_log_read_in_single_module]Server create success. (dev_id=3; fid=0; pid=1056115; service_type="service_dump")
[INFO] DRV(80515,python):2026-09-04-11:13:52.819.516 [drv_share_log.c:229][ascend][curpid:80515,80583][drv][hdc][share_log_read_in_single_module]Server create success. (dev_id=4; fid=0; pid=1056115; service_type="service_dump")
[INFO] DRV(80515,python):2026-09-04-11:13:52.819.648 [drv_share_log.c:229][ascend][curpid:80515,80583][drv][hdc][share_log_read_in_single_module]Server create success. (dev_id=5; fid=0; pid=1056115; service_type="service_dump")
[INFO] DRV(80515,python):2026-09-04-11:13:52.819.768 [drv_share_log.c:229][ascend][curpid:80515,80583][drv][hdc][share_log_read_in_single_module]Server create success. (dev_id=6; fid=0; pid=1056115; service_type="service_dump")
[INFO] DRV(80515,python):2026-09-04-11:13:52.819.890 [drv_share_log.c:229][ascend][curpid:80515,80583][drv][hdc][share_log_read_in_single_module]Server create success. (dev_id=7; fid=0; pid=1056115; service_type="service_dump")
[INFO] IDEDD(80515,python):2026-09-04-11:13:52.821.470 [dump_manager.cpp:240][tid:80515] Set aic_err_brief_dump[3] dump setting, status: on, dump switch: 3
[INFO] ASCENDCL(80515,python):2026-09-04-11:13:52.822.574 [acl_op_resource_manager.cpp:62]80515 GetRuntimeV2Env: runtime v2 flag : model flag = 1, singleOp flag = 1
[INFO] PROFILING(80515,python):2026-09-04-11:13:52.824.329 [platform.cpp:52] (tid:80515) Profiling platform version: 1.0.
[INFO] PROFILING(80515,python):2026-09-04-11:13:52.824.354 [platform.cpp:264] (tid:80515) Succeeded to DrvGetApiVersion version: 0x72418
[INFO] ASCENDCL(80515,python):2026-09-04-11:13:52.824.491 [acl.cpp:350]80515 GetAllPackageVersion: Version of runtime package is 9.1.0
[INFO] ASCENDCL(80515,python):2026-09-04-11:13:52.824.504 [acl.cpp:350]80515 GetAllPackageVersion: Version of runtime package is 9.1.0
[INFO] ASCENDCL(80515,python):2026-09-04-11:13:52.824.526 [acl.cpp:350]80515 GetAllPackageVersion: Version of bisheng-compiler package is 9.1.0
[INFO] ASCENDCL(80515,python):2026-09-04-11:13:52.824.539 [acl.cpp:350]80515 GetAllPackageVersion: Version of hccl package is 9.1.0
[INFO] ASCENDCL(80515,python):2026-09-04-11:13:52.824.556 [acl.cpp:350]80515 GetAllPackageVersion: Version of oam-tools package is 9.1.0
[INFO] ASCENDCL(80515,python):2026-09-04-11:13:52.824.571 [acl.cpp:350]80515 GetAllPackageVersion: Version of ops-legacy package is 9.1.0
[INFO] ASCENDCL(80515,python):2026-09-04-11:13:52.824.582 [acl.cpp:350]80515 GetAllPackageVersion: Version of ops-legacy package is 9.1.0
[INFO] ASCENDCL(80515,python):2026-09-04-11:13:52.824.586 [acl.cpp:352]80515 GetAllPackageVersion: Version of driver package is not found
[INFO] ATRACE(80515,python):2026-09-04-11:13:52.833.224 [atrace_client_core.c:160](tid:80515) start to receive device[0] trace log.
[INFO] ASCENDCL(80515,python):2026-09-04-11:13:52.833.245 [acl_resource_manager.cpp:139]80515 GetRuntimeV2Env: runtime v2 flag : model flag = 1, singleOp flag = 1
[INFO] TDT(80515,python):2026-09-04-11:13:52.833.269 [client_manager.cpp:141][GetInstance][tid:80515] [ClientManager] Current mode:1
[INFO] TDT(80515,python):2026-09-04-11:13:52.833.294 [process_mode_base.cpp:145][GetLogLevel][tid:80515] [TsdClient] get ASCEND_GLOBAL_LOG_LEVEL [3] ASCEND_GLOBAL_EVENT_ENABLE [] ASCEND_MODULE_LOG_LEVEL []
[INFO] TDT(80515,python):2026-09-04-11:13:52.833.340 [process_mode_manager.cpp:132][OpenProcess][tid:80515] [ProcessModeManager] enter into open process deviceId[0] rankSize[0]
[INFO] TDT(80515,python):2026-09-04-11:13:52.833.375 [process_mode_manager.cpp:269][IsSupportCommonSink][tid:80515] mutexFile[/usr/local/Ascend/driver/lib64/driver/sink_file_mutex_0.cfg] found means supporting common sink
[INFO] TDT(80515,python):2026-09-04-11:13:52.833.452 [process_mode_manager.cpp:561][InitTsdClient][tid:80515] [TsdClient] deviceId[0] begin to init hdc client
[INFO] TDT(80515,python):2026-09-04-11:13:52.841.989 [version_verify.cpp:39][SetVersionInfo][tid:80515] VersionVerify: send client version to server
[INFO] TDT(80515,python):2026-09-04-11:13:52.845.325 [version_verify.cpp:71][PeerVersionCheck][tid:80515] VersionVerify: Check client version info, server[1230], client[1230]
[INFO] TDT(80515,python):2026-09-04-11:13:52.845.332 [version_verify.cpp:92][ParseVersionInfo][tid:80515] VersionVerify: pass client version info success
[INFO] TDT(80515,python):2026-09-04-11:13:52.845.335 [hdc_client.cpp:243][CheckHdcConnection][tid:80515] Service create hdc successfully.
[INFO] TDT(80515,python):2026-09-04-11:13:52.845.919 [process_mode_manager.cpp:2520][GetShortSocVersion][tid:80515] get short_soc_version:Ascend950
[INFO] TDT(80515,python):2026-09-04-11:13:52.846.007 [package_process_config.cpp:264][SetConfigDataOnHost][tid:80515] insert package:Ascend-aicpu_legacy.tar.gz config
[INFO] TDT(80515,python):2026-09-04-11:13:52.846.016 [package_process_config.cpp:264][SetConfigDataOnHost][tid:80515] insert package:Ascend910-aicpu_legacy.tar.gz config
[INFO] TDT(80515,python):2026-09-04-11:13:52.846.022 [package_process_config.cpp:264][SetConfigDataOnHost][tid:80515] insert package:Ascend310P-aicpu_legacy.tar.gz config
[INFO] TDT(80515,python):2026-09-04-11:13:52.846.034 [package_process_config.cpp:264][SetConfigDataOnHost][tid:80515] insert package:aicpu_hccl.tar.gz config
[INFO] TDT(80515,python):2026-09-04-11:13:52.846.041 [package_process_config.cpp:264][SetConfigDataOnHost][tid:80515] insert package:mc2_server.tar.gz config
[INFO] TDT(80515,python):2026-09-04-11:13:52.846.046 [package_process_config.cpp:264][SetConfigDataOnHost][tid:80515] insert package:aicpu_hcomm.tar.gz config
[INFO] TDT(80515,python):2026-09-04-11:13:52.846.053 [package_process_config.cpp:264][SetConfigDataOnHost][tid:80515] insert package:cann-hixl-compat.tar.gz config
[INFO] TDT(80515,python):2026-09-04-11:13:52.846.060 [package_process_config.cpp:264][SetConfigDataOnHost][tid:80515] insert package:cann-hcomm-compat.tar.gz config
[INFO] TDT(80515,python):2026-09-04-11:13:52.846.075 [package_process_config.cpp:264][SetConfigDataOnHost][tid:80515] insert package:cann-hccd-compat.tar.gz config
[INFO] TDT(80515,python):2026-09-04-11:13:52.846.081 [package_process_config.cpp:264][SetConfigDataOnHost][tid:80515] insert package:cann-udf-compat.tar.gz config
[INFO] TDT(80515,python):2026-09-04-11:13:52.846.088 [package_process_config.cpp:264][SetConfigDataOnHost][tid:80515] insert package:cann-tsch-compat.tar.gz config
[INFO] TDT(80515,python):2026-09-04-11:13:52.846.101 [package_process_config.cpp:328][RefreshHostPluginVersions][tid:80515] host plugin pkg:cann-hcomm-compat.tar.gz ini parsed, version:9.1.0 timestamp:20260730_231653901
[INFO] TDT(80515,python):2026-09-04-11:13:52.846.112 [package_process_config.cpp:328][RefreshHostPluginVersions][tid:80515] host plugin pkg:cann-tsch-compat.tar.gz ini parsed, version:9.1.0 timestamp:20260730_231653901
[INFO] TDT(80515,python):2026-09-04-11:13:52.846.135 [version_verify.cpp:117][SpecialFeatureCheck][tid:80515] VersionVerify: previous type[69], supported
[INFO] TDT(80515,python):2026-09-04-11:13:52.848.991 [process_mode_msg_parse.cpp:202][HandleDevicePluginVersionRsp][tid:80515] device plugin info rsp, pkgCount:0
[INFO] TDT(80515,python):2026-09-04-11:13:52.848.997 [process_mode_manager.cpp:2216][LoadPackageConfigInfoToDevice][tid:80515] Receive load package config response result:0
[INFO] TDT(80515,python):2026-09-04-11:13:52.849.007 [process_mode_manager.cpp:269][IsSupportCommonSink][tid:80515] mutexFile[/usr/local/Ascend/driver/lib64/driver/sink_file_mutex_0.cfg] found means supporting common sink
[INFO] TDT(80515,python):2026-09-04-11:13:52.849.012 [process_mode_manager.cpp:287][LoadSysOpKernel][tid:80515] [TsdClient][logicDeviceId_=0] use legacy package
[INFO] TDT(80515,python):2026-09-04-11:13:52.849.075 [client_manager.cpp:282][CheckPackageExistsOnce][tid:80515] [TsdClient][deviceId=0] pkg size[0] in path[/usr/local/Ascend/cann-9.1.0/opp/built-in/] must be only one, skip send package, packageType[6]
[INFO] TDT(80515,python):2026-09-04-11:13:52.849.080 [process_mode_manager.cpp:292][LoadSysOpKernel][tid:80515] [TsdClient][logicDeviceId_=0] can not find aicpu packages
[INFO] TDT(80515,python):2026-09-04-11:13:52.849.085 [process_mode_manager.cpp:269][IsSupportCommonSink][tid:80515] mutexFile[/usr/local/Ascend/driver/lib64/driver/sink_file_mutex_0.cfg] found means supporting common sink
[INFO] TDT(80515,python):2026-09-04-11:13:52.849.093 [process_mode_manager.cpp:2307][LoadSinglePackageToDevice][tid:80515] begin to load package:Ascend-aicpu_legacy.tar.gz to device:0
[INFO] TDT(80515,python):2026-09-04-11:13:52.849.103 [package_process_config.cpp:393][GetPkgHostAndDeviceDstPath][tid:80515] get orgFile:/usr/local/Ascend/cann-9.1.0/opp/Ascend/aicpu/Ascend-aicpu_legacy.tar.gz, dstFile:/home/HwHiAiUser/hdcd/device0/aicpu/1056115_Ascend-aicpu_legacy.tar.gz
[INFO] TDT(80515,python):2026-09-04-11:13:53.091.383 [process_mode_manager.cpp:2333][LoadSinglePackageToDevice][tid:80515] current package:Ascend-aicpu_legacy.tar.gz is same as device, skip load
[INFO] TDT(80515,python):2026-09-04-11:13:53.091.416 [process_mode_manager.cpp:2307][LoadSinglePackageToDevice][tid:80515] begin to load package:Ascend310P-aicpu_legacy.tar.gz to device:0
[INFO] TDT(80515,python):2026-09-04-11:13:53.091.423 [process_mode_manager.cpp:2322][LoadSinglePackageToDevice][tid:80515] cannot find package:Ascend310P-aicpu_legacy.tar.gz, optional is true skip
[INFO] TDT(80515,python):2026-09-04-11:13:53.091.425 [process_mode_manager.cpp:2307][LoadSinglePackageToDevice][tid:80515] begin to load package:Ascend910-aicpu_legacy.tar.gz to device:0
[INFO] TDT(80515,python):2026-09-04-11:13:53.091.428 [process_mode_manager.cpp:2322][LoadSinglePackageToDevice][tid:80515] cannot find package:Ascend910-aicpu_legacy.tar.gz, optional is true skip
[INFO] TDT(80515,python):2026-09-04-11:13:53.091.429 [process_mode_manager.cpp:2307][LoadSinglePackageToDevice][tid:80515] begin to load package:aicpu_hccl.tar.gz to device:0
[INFO] TDT(80515,python):2026-09-04-11:13:53.091.448 [package_process_config.cpp:393][GetPkgHostAndDeviceDstPath][tid:80515] get orgFile:/usr/local/Ascend/cann-9.1.0/opp/built-in/op_impl/aicpu/kernel/aicpu_hccl.tar.gz, dstFile:/home/HwHiAiUser/hdcd/device0/aicpu/1056115_aicpu_hccl.tar.gz
[INFO] TDT(80515,python):2026-09-04-11:13:53.095.382 [process_mode_manager.cpp:2333][LoadSinglePackageToDevice][tid:80515] current package:aicpu_hccl.tar.gz is same as device, skip load
[INFO] TDT(80515,python):2026-09-04-11:13:53.095.397 [process_mode_manager.cpp:2307][LoadSinglePackageToDevice][tid:80515] begin to load package:aicpu_hcomm.tar.gz to device:0
[INFO] TDT(80515,python):2026-09-04-11:13:53.095.403 [package_process_config.cpp:393][GetPkgHostAndDeviceDstPath][tid:80515] get orgFile:/usr/local/Ascend/cann-9.1.0/opp/built-in/op_impl/aicpu/kernel/aicpu_hcomm.tar.gz, dstFile:/home/HwHiAiUser/hdcd/device0/aicpu/1056115_aicpu_hcomm.tar.gz
[INFO] TDT(80515,python):2026-09-04-11:13:53.117.452 [process_mode_manager.cpp:2333][LoadSinglePackageToDevice][tid:80515] current package:aicpu_hcomm.tar.gz is same as device, skip load
[INFO] TDT(80515,python):2026-09-04-11:13:53.117.465 [process_mode_manager.cpp:2307][LoadSinglePackageToDevice][tid:80515] begin to load package:cann-hccd-compat.tar.gz to device:0
[INFO] TDT(80515,python):2026-09-04-11:13:53.117.469 [process_mode_manager.cpp:2309][LoadSinglePackageToDevice][tid:80515] current package:cann-hccd-compat.tar.gz does not need to load to device:0
[INFO] TDT(80515,python):2026-09-04-11:13:53.117.471 [process_mode_manager.cpp:2307][LoadSinglePackageToDevice][tid:80515] begin to load package:cann-hcomm-compat.tar.gz to device:0
[INFO] TDT(80515,python):2026-09-04-11:13:53.117.477 [package_process_config.cpp:393][GetPkgHostAndDeviceDstPath][tid:80515] get orgFile:/usr/local/Ascend/cann-9.1.0/compat/cann-hcomm-compat.tar.gz, dstFile:/home/HwHiAiUser/hdcd/device0/aicpu/1056115_cann-hcomm-compat.tar.gz
[WARNING] TDT(80515,python):2026-09-04-11:13:53.128.821 [process_mode_manager.cpp:2414][GetPluginUpdateStrategy][tid:80515] [TsdClient][deviceId=0] halGetDeviceInfo(INFO_TYPE_SWPLUGIN_UPGRADE_POLICY) failed, retCode[3], fallback to PLUGIN_NOT_FORCE_UPDATE
[INFO] TDT(80515,python):2026-09-04-11:13:53.128.838 [process_mode_manager.cpp:2452][CompareHostDeviceCompatPluginVersion][tid:80515] device plugin pkg:cann-hcomm-compat.tar.gz version unavailable, fallback to checkcode compare
[INFO] TDT(80515,python):2026-09-04-11:13:53.128.842 [process_mode_manager.cpp:2329][LoadSinglePackageToDevice][tid:80515] skip load compat plugin package:cann-hcomm-compat.tar.gz by version/strategy check
[INFO] TDT(80515,python):2026-09-04-11:13:53.128.845 [process_mode_manager.cpp:2307][LoadSinglePackageToDevice][tid:80515] begin to load package:cann-hixl-compat.tar.gz to device:0
[INFO] TDT(80515,python):2026-09-04-11:13:53.128.852 [package_process_config.cpp:393][GetPkgHostAndDeviceDstPath][tid:80515] get orgFile:/usr/local/Ascend/cann-9.1.0/opp/built-in/op_impl/aicpu/kernel/cann-hixl-compat.tar.gz, dstFile:/home/HwHiAiUser/hdcd/device0/aicpu/1056115_cann-hixl-compat.tar.gz
[INFO] TDT(80515,python):2026-09-04-11:13:53.129.032 [process_mode_manager.cpp:2333][LoadSinglePackageToDevice][tid:80515] current package:cann-hixl-compat.tar.gz is same as device, skip load
[INFO] TDT(80515,python):2026-09-04-11:13:53.129.035 [process_mode_manager.cpp:2307][LoadSinglePackageToDevice][tid:80515] begin to load package:cann-tsch-compat.tar.gz to device:0
[INFO] TDT(80515,python):2026-09-04-11:13:53.129.037 [process_mode_manager.cpp:2282][SupportLoadPkg][tid:80515] current device chip:15 does not support package:cann-tsch-compat.tar.gz
[INFO] TDT(80515,python):2026-09-04-11:13:53.129.039 [process_mode_manager.cpp:2309][LoadSinglePackageToDevice][tid:80515] current package:cann-tsch-compat.tar.gz does not need to load to device:0
[INFO] TDT(80515,python):2026-09-04-11:13:53.129.041 [process_mode_manager.cpp:2307][LoadSinglePackageToDevice][tid:80515] begin to load package:cann-udf-compat.tar.gz to device:0
[INFO] TDT(80515,python):2026-09-04-11:13:53.129.061 [process_mode_manager.cpp:2309][LoadSinglePackageToDevice][tid:80515] current package:cann-udf-compat.tar.gz does not need to load to device:0
[INFO] TDT(80515,python):2026-09-04-11:13:53.129.063 [process_mode_manager.cpp:2307][LoadSinglePackageToDevice][tid:80515] begin to load package:mc2_server.tar.gz to device:0
[INFO] TDT(80515,python):2026-09-04-11:13:53.129.068 [package_process_config.cpp:393][GetPkgHostAndDeviceDstPath][tid:80515] get orgFile:/usr/local/Ascend/cann-9.1.0/opp/built-in/op_impl/aicpu/kernel/mc2_server.tar.gz, dstFile:/home/HwHiAiUser/hdcd/device0/aicpu/1056115_mc2_server.tar.gz
[INFO] TDT(80515,python):2026-09-04-11:13:53.130.542 [process_mode_manager.cpp:2333][LoadSinglePackageToDevice][tid:80515] current package:mc2_server.tar.gz is same as device, skip load
[INFO] TDT(80515,python):2026-09-04-11:13:53.130.557 [process_mode_manager.cpp:620][ConstructOpenMsg][tid:80515] [TsdClient] tsd get process sign successfully, procpid[1056115] signSize[0]
[INFO] TDT(80515,python):2026-09-04-11:13:53.130.574 [version_verify.cpp:117][SpecialFeatureCheck][tid:80515] VersionVerify: previous type[6], supported
[INFO] TDT(80515,python):2026-09-04-11:13:53.130.773 [process_mode_manager.cpp:159][OpenProcess][tid:80515] [ProcessModeManager] deviceId[0] sessionId[1] rankSize[0], wait subprocess start response
[INFO] TDT(80515,python):2026-09-04-11:13:54.343.110 [stub_process_mode_nowin.cpp:22][ProcessQueueForAdc][tid:80515] [TsdClient] it is unnecessary for current mode[0] to grant queue auth to aicpusd
[INFO] TDT(80515,python):2026-09-04-11:13:54.343.138 [process_mode_manager.cpp:197][OpenProcess][tid:80515] [TsdClient][deviceId=0] [sessionId=1] start hccp and computer process success,whole process spent time as follows:phase1:[15]ms load sink package config to device,phase2:[0]ms load opkernel to device,phase3:[281]ms load sink package to device,phase4:[0]ms send open message to device,phase5:[1212]ms receive open message to device,phase6:[0]ms process for adc on host,whole duration:[1509]ms
[INFO] DRV(80515,python):2026-09-04-11:13:54.343.200 [event_sched.c:1536][ascend][curpid:80515,80515][drv][event-sche][esched_device_open]The dev_id has opened. (dev_id=0)
[INFO] DRV(80515,python):2026-09-04-11:13:54.343.599 [drv_share_log.c:229][ascend][curpid:80515,80515][drv][devmm][share_log_read_in_single_module]Open. (udevid=65; tgid=1056115)
[INFO] DRV(80515,python):2026-09-04-11:13:54.343.850 [drv_share_log.c:229][ascend][curpid:80515,80515][drv][devmm][share_log_read_in_single_module]Open. (udevid=0; tgid=1056115)
[INFO] DRV(80515,python):2026-09-04-11:13:54.380.657 [queue_interface.c:954][ascend][curpid:80515,80515][drv][queuemng][queue_device_open]queue open finish. (dev_id=0)
[INFO] RUNTIME(80515,python):2026-09-04-11:13:54.381.421 [raw_device.cc:560] 80515 Init: isAddrFlat:0
[INFO] TDT(80515,python):2026-09-04-11:13:54.404.357 [tsd_client.cpp:188][TsdCapabilityGet][tid:80515] TsdCapabilityGet Begin.
[INFO] TDT(80515,python):2026-09-04-11:13:54.404.389 [process_mode_manager.cpp:1075][CapabilityGet][tid:80515] [ProcessModeManager] enter into CapabilityGet process deviceId[0] type[0].
[INFO] TDT(80515,python):2026-09-04-11:13:54.404.406 [version_verify.cpp:117][SpecialFeatureCheck][tid:80515] VersionVerify: previous type[38], supported
[INFO] TDT(80515,python):2026-09-04-11:13:54.404.617 [process_mode_manager.cpp:1098][CapabilityGet][tid:80515] [TsdClient][deviceId=0] [sessionId=1] [type=0]send capability successfully.
[INFO] TDT(80515,python):2026-09-04-11:13:54.409.818 [process_mode_msg_parse.cpp:262][PidQosMsgProc][tid:80515] [TsdClient] PidQosMsgProc recvMsg realDeviceId[0] msgType[39] localDevId[0] rspCode[0],pidqos[1]
[INFO] TDT(80515,python):2026-09-04-11:13:54.409.832 [process_mode_manager.cpp:1103][CapabilityGet][tid:80515] [TsdClient][logicDeviceId_=0][type=0][pidQos=1][ret=0]recv capability response finished.
[INFO] RUNTIME(80515,python):2026-09-04-11:13:54.409.855 [engine.cc:82] 80515 Engine: Constructor.
[INFO] RUNTIME(80515,python):2026-09-04-11:13:54.409.862 [stars_engine.cc:53] 80515 StarsEngine: Constructor.
[INFO] RUNTIME(80515,python):2026-09-04-11:13:54.463.811 [runtime.cc:4926] 80515 CreateReportRasThread: Start report ras thread success!
[INFO] RUNTIME(80515,python):2026-09-04-11:13:54.463.945 [npu_driver_res.cc:269] 80587 GetDeviceStatus: GetDeviceStatus status=1.
[INFO] ATRACE(80515,python):2026-09-04-11:13:54.474.234 [tracer_mgr_operate.c:66](tid:80515) create object RUNTIME_ATRACE_DEV0_TS0 successfully, exitSave(false), noLock(false).
[INFO] TDT(80515,python):2026-09-04-11:13:54.474.266 [client_manager.cpp:210][SetProfilingCallback][tid:80515] [TsdClient] set profiling callback successfully
[ChunkGdnFwdPrepare][Tiling] q originRank=4 storageRank=4 origin=[1,4,1792,128] storage=[1,4,1792,128]
[ChunkGdnFwdPrepare][Tiling] k originRank=4 storageRank=4 origin=[1,4,1792,128] storage=[1,4,1792,128]
[ChunkGdnFwdPrepare][Tiling] v originRank=4 storageRank=4 origin=[1,4,1792,128] storage=[1,4,1792,128]
[ChunkGdnFwdPrepare][Tiling] g originRank=3 storageRank=3 origin=[1,4,1792] storage=[1,4,1792]
[ChunkGdnFwdPrepare][Tiling] beta originRank=3 storageRank=3 origin=[1,4,1792] storage=[1,4,1792]
[ChunkGdnFwdPrepare][Tiling] a_log=null
[ChunkGdnFwdPrepare][Tiling] dt_bias=null
[ChunkGdnFwdPrepare][Tiling] cu_seqlens=null
[ChunkGdnFwdPrepare][Tiling] chunk_indices=null
[ChunkGdnFwdPrepare][Tiling] B=1 Hk=4 Hv=4 T=1792 K=128 V=128 chunkSize=64 seqNum=1 totalChunks=112
[ChunkGdnFwdPrepare][Tiling] flags: useQkL2norm=1 (qHat=1 kHat=1 qRstd=1 kRstd=1) useGate=0 (aLog=0 dtBias=0) useBetaSigmoid=1 allowNegEigval=0 useExp2=1 isVarlen=0 chunkIndices=0
[ChunkGdnFwdPrepare][Tiling] dtype: q=27 g=0 beta=0 HRatio=1
[ChunkGdnFwdPrepare][Tiling] tilingBytes=192 deviceBytes=200 capacity=819200 coreNum=28
golden=/data/w00933206/ops/Gate_of_Babylon/tests/gdn/cpu_golden.py
pipe-acc: B=1 HK=4 HV=4 T=1792 K=128 V=128 BT=64 BF16
  q_hat        max=0.0004883 mean=1.414e-09 got_absmax=0.3574 ref_absmax=0.3574
  k_hat        max=0.0009766 mean=4.075e-09 got_absmax=0.334 ref_absmax=0.334
  q_rstd       max=1.49e-08 mean=2.801e-09 got_absmax=0.1151 ref_absmax=0.1151
  k_rstd       max=2.235e-08 mean=2.773e-09 got_absmax=0.1155 ref_absmax=0.1155
  beta_out     max=1.192e-07 mean=5.828e-09 got_absmax=0.9812 ref_absmax=0.9812
  g_cumsum     max=5.722e-06 mean=5.674e-07 got_absmax=34.68 ref_absmax=34.68
  A            max=1.206e+08 mean=1052 got_absmax=7.624e+10 ref_absmax=7.626e+10
  w            tile-rel max=2.34e+06 gt0.08=56/112 got_absmax=4.588e+06 ref_absmax=3.456e+09
FAIL: w tile-rel max=2.34e+06 (need <= 0.08)
[INFO] ASCENDCL(80515,python):2026-09-04-11:13:55.463.841 [resource_statistics.cpp:113]80515 TraverseStatistics: The ResourceType:ACL_STATISTICS_MALLOC_FREE, applyTotal = 3, applySucc = 3, releaseTotal = 3, releaseSucc = 3
[INFO] ASCENDCL(80515,python):2026-09-04-11:13:55.463.886 [resource_statistics.cpp:113]80515 TraverseStatistics: The ResourceType:ACL_STATISTICS_MALLOC_FREE_HOST, applyTotal = 0, applySucc = 0, releaseTotal = 0, releaseSucc = 0
[INFO] ASCENDCL(80515,python):2026-09-04-11:13:55.463.898 [resource_statistics.cpp:113]80515 TraverseStatistics: The ResourceType:ACL_STATISTICS_CREATE_DESTROY_CONTEXT, applyTotal = 0, applySucc = 0, releaseTotal = 0, releaseSucc = 0
[INFO] ASCENDCL(80515,python):2026-09-04-11:13:55.463.907 [resource_statistics.cpp:113]80515 TraverseStatistics: The ResourceType:ACL_STATISTICS_SET_RESET_DEVICE, applyTotal = 2, applySucc = 2, releaseTotal = 1, releaseSucc = 1
[INFO] ASCENDCL(80515,python):2026-09-04-11:13:55.463.915 [resource_statistics.cpp:113]80515 TraverseStatistics: The ResourceType:ACL_STATISTICS_CREATE_DESTROY_EVENT, applyTotal = 0, applySucc = 0, releaseTotal = 0, releaseSucc = 0
[INFO] ASCENDCL(80515,python):2026-09-04-11:13:55.463.922 [resource_statistics.cpp:113]80515 TraverseStatistics: The ResourceType:ACL_STATISTICS_CREATE_DESTROY_STREAM, applyTotal = 2, applySucc = 2, releaseTotal = 1, releaseSucc = 1
[INFO] ASCENDCL(80515,python):2026-09-04-11:13:55.463.929 [resource_statistics.cpp:113]80515 TraverseStatistics: The ResourceType:ACL_STATISTICS_DVPP_MALLOC_FREE, applyTotal = 0, applySucc = 0, releaseTotal = 0, releaseSucc = 0
[INFO] ASCENDCL(80515,python):2026-09-04-11:13:55.464.007 [resource_statistics.cpp:113]80515 TraverseStatistics: The ResourceType:ACL_STATISTICS_RECORD_RESET_EVENT, applyTotal = 0, applySucc = 0, releaseTotal = 0, releaseSucc = 0
[INFO] ASCENDCL(80515,python):2026-09-04-11:13:55.464.017 [resource_statistics.cpp:113]80515 TraverseStatistics: The ResourceType:ACL_STATISTICS_CREATE_DESTROY_DATA_BUFFER, applyTotal = 0, applySucc = 0, releaseTotal = 0, releaseSucc = 0
[INFO] ASCENDCL(80515,python):2026-09-04-11:13:55.464.024 [resource_statistics.cpp:113]80515 TraverseStatistics: The ResourceType:ACL_STATISTICS_CREATE_DESTROY_TENSOR_DESC, applyTotal = 0, applySucc = 0, releaseTotal = 0, releaseSucc = 0
[INFO] ASCENDCL(80515,python):2026-09-04-11:13:55.464.030 [resource_statistics.cpp:113]80515 TraverseStatistics: The ResourceType:ACL_STATISTICS_CREATE_DESTROY_DESC, applyTotal = 0, applySucc = 0, releaseTotal = 0, releaseSucc = 0
[INFO] ASCENDCL(80515,python):2026-09-04-11:13:55.464.037 [resource_statistics.cpp:113]80515 TraverseStatistics: The ResourceType:ACL_STATISTICS_CREATE_DESTROY_DATASET, applyTotal = 0, applySucc = 0, releaseTotal = 0, releaseSucc = 0
[INFO] ASCENDCL(80515,python):2026-09-04-11:13:55.464.044 [resource_statistics.cpp:113]80515 TraverseStatistics: The ResourceType:ACL_STATISTICS_CREATE_LOAD_UNLOAD_MODEL, applyTotal = 0, applySucc = 0, releaseTotal = 0, releaseSucc = 0
[INFO] ASCENDCL(80515,python):2026-09-04-11:13:55.464.052 [resource_statistics.cpp:113]80515 TraverseStatistics: The ResourceType:ACL_STATISTICS_CREATE_DESTROY_AIPP, applyTotal = 0, applySucc = 0, releaseTotal = 0, releaseSucc = 0
[INFO] ASCENDCL(80515,python):2026-09-04-11:13:55.464.059 [resource_statistics.cpp:113]80515 TraverseStatistics: The ResourceType:ACL_STATISTICS_CREATE_DESTROY_ATTR, applyTotal = 0, applySucc = 0, releaseTotal = 0, releaseSucc = 0
[INFO] ASCENDCL(80515,python):2026-09-04-11:13:55.464.066 [resource_statistics.cpp:113]80515 TraverseStatistics: The ResourceType:ACL_STATISTICS_CREATE_DESTROY_HANDLE, applyTotal = 0, applySucc = 0, releaseTotal = 0, releaseSucc = 0
[INFO] ASCENDCL(80515,python):2026-09-04-11:13:55.464.073 [resource_statistics.cpp:113]80515 TraverseStatistics: The ResourceType:ACL_STATISTICS_CREATE_DESTROY_DVPP_CHANNEL_DESC, applyTotal = 0, applySucc = 0, releaseTotal = 0, releaseSucc = 0
[INFO] ASCENDCL(80515,python):2026-09-04-11:13:55.464.080 [resource_statistics.cpp:113]80515 TraverseStatistics: The ResourceType:ACL_STATISTICS_CREATE_DESTROY_DVPP_PIC_DESC, applyTotal = 0, applySucc = 0, releaseTotal = 0, releaseSucc = 0
[INFO] ASCENDCL(80515,python):2026-09-04-11:13:55.464.086 [resource_statistics.cpp:113]80515 TraverseStatistics: The ResourceType:ACL_STATISTICS_CREATE_DESTROY_DVPP_ROI_CONFIG, applyTotal = 0, applySucc = 0, releaseTotal = 0, releaseSucc = 0
[INFO] ASCENDCL(80515,python):2026-09-04-11:13:55.464.093 [resource_statistics.cpp:113]80515 TraverseStatistics: The ResourceType:ACL_STATISTICS_CREATE_DESTROY_DVPP_RESIZE_CONFIG, applyTotal = 0, applySucc = 0, releaseTotal = 0, releaseSucc = 0
[INFO] ASCENDCL(80515,python):2026-09-04-11:13:55.464.100 [resource_statistics.cpp:113]80515 TraverseStatistics: The ResourceType:ACL_STATISTICS_CREATE_DESTROY_DVPP_JPEGE_CONFIG, applyTotal = 0, applySucc = 0, releaseTotal = 0, releaseSucc = 0
[INFO] ASCENDCL(80515,python):2026-09-04-11:13:55.464.107 [resource_statistics.cpp:113]80515 TraverseStatistics: The ResourceType:ACL_STATISTICS_CREATE_DESTROY_VDEC_CHANNEL_DESC, applyTotal = 0, applySucc = 0, releaseTotal = 0, releaseSucc = 0
[INFO] ASCENDCL(80515,python):2026-09-04-11:13:55.464.113 [resource_statistics.cpp:113]80515 TraverseStatistics: The ResourceType:ACL_STATISTICS_CREATE_DESTROY_VENC_CHANNEL_DESC, applyTotal = 0, applySucc = 0, releaseTotal = 0, releaseSucc = 0
[INFO] ASCENDCL(80515,python):2026-09-04-11:13:55.464.119 [resource_statistics.cpp:113]80515 TraverseStatistics: The ResourceType:ACL_STATISTICS_CREATE_DESTROY_DVPP_STREAM_DESC, applyTotal = 0, applySucc = 0, releaseTotal = 0, releaseSucc = 0
[INFO] ASCENDCL(80515,python):2026-09-04-11:13:55.464.130 [resource_statistics.cpp:113]80515 TraverseStatistics: The ResourceType:ACL_STATISTICS_CREATE_DESTROY_VDEC_FRAME_CONFIG, applyTotal = 0, applySucc = 0, releaseTotal = 0, releaseSucc = 0
[INFO] ASCENDCL(80515,python):2026-09-04-11:13:55.464.137 [resource_statistics.cpp:113]80515 TraverseStatistics: The ResourceType:ACL_STATISTICS_CREATE_DESTROY_VENC_FRAME_CONFIG, applyTotal = 0, applySucc = 0, releaseTotal = 0, releaseSucc = 0
[INFO] ASCENDCL(80515,python):2026-09-04-11:13:55.464.153 [resource_statistics.cpp:113]80515 TraverseStatistics: The ResourceType:ACL_STATISTICS_CREATE_DESTROY_DVPP_CHANNEL, applyTotal = 0, applySucc = 0, releaseTotal = 0, releaseSucc = 0
[INFO] ASCENDCL(80515,python):2026-09-04-11:13:55.464.159 [resource_statistics.cpp:113]80515 TraverseStatistics: The ResourceType:ACL_STATISTICS_CREATE_DESTROY_VDEC_CHANNEL, applyTotal = 0, applySucc = 0, releaseTotal = 0, releaseSucc = 0
[INFO] ASCENDCL(80515,python):2026-09-04-11:13:55.464.166 [resource_statistics.cpp:113]80515 TraverseStatistics: The ResourceType:ACL_STATISTICS_CREATE_DESTROY_VENC_CHANNEL, applyTotal = 0, applySucc = 0, releaseTotal = 0, releaseSucc = 0
[INFO] ASCENDCL(80515,python):2026-09-04-11:13:55.464.173 [resource_statistics.cpp:113]80515 TraverseStatistics: The ResourceType:ACL_STATISTICS_CREATE_DESTROY_DVPP_BATCH_PIC_DESC, applyTotal = 0, applySucc = 0, releaseTotal = 0, releaseSucc = 0
[INFO] ASCENDCL(80515,python):2026-09-04-11:13:55.464.179 [resource_statistics.cpp:113]80515 TraverseStatistics: The ResourceType:ACL_STATISTICS_CREATE_DESTROY_GROUP_INFO, applyTotal = 0, applySucc = 0, releaseTotal = 0, releaseSucc = 0
[INFO] ASCENDCL(80515,python):2026-09-04-11:13:55.464.186 [resource_statistics.cpp:113]80515 TraverseStatistics: The ResourceType:ACL_STATISTICS_CREATE_DESTROY_PROF_CONFIG, applyTotal = 0, applySucc = 0, releaseTotal = 0, releaseSucc = 0
[INFO] ASCENDCL(80515,python):2026-09-04-11:13:55.464.192 [resource_statistics.cpp:113]80515 TraverseStatistics: The ResourceType:ACL_STATISTICS_CREATE_DESTROY_PROF_SUB_CONFIG, applyTotal = 0, applySucc = 0, releaseTotal = 0, releaseSucc = 0
[INFO] ASCENDCL(80515,python):2026-09-04-11:13:55.464.199 [resource_statistics.cpp:113]80515 TraverseStatistics: The ResourceType:ACL_STATISTICS_CREATE_DESTROY_MODEL_CONFIG, applyTotal = 0, applySucc = 0, releaseTotal = 0, releaseSucc = 0
[INFO] ASCENDCL(80515,python):2026-09-04-11:13:55.464.216 [resource_statistics.cpp:113]80515 TraverseStatistics: The ResourceType:ACL_STATISTICS_CREATE_DESTROY_QUEUE_ID, applyTotal = 0, applySucc = 0, releaseTotal = 0, releaseSucc = 0
[INFO] ASCENDCL(80515,python):2026-09-04-11:13:55.464.225 [resource_statistics.cpp:113]80515 TraverseStatistics: The ResourceType:ACL_STATISTICS_CREATE_DESTROY_QUEUE_ATTR, applyTotal = 0, applySucc = 0, releaseTotal = 0, releaseSucc = 0
[INFO] ASCENDCL(80515,python):2026-09-04-11:13:55.464.231 [resource_statistics.cpp:113]80515 TraverseStatistics: The ResourceType:ACL_STATISTICS_CREATE_DESTROY_QUEUE_ROUTE, applyTotal = 0, applySucc = 0, releaseTotal = 0, releaseSucc = 0
[INFO] ASCENDCL(80515,python):2026-09-04-11:13:55.464.246 [resource_statistics.cpp:113]80515 TraverseStatistics: The ResourceType:ACL_STATISTICS_CREATE_DESTROY_QUEUE_ROUTE_LIST, applyTotal = 0, applySucc = 0, releaseTotal = 0, releaseSucc = 0
[INFO] ASCENDCL(80515,python):2026-09-04-11:13:55.464.260 [resource_statistics.cpp:113]80515 TraverseStatistics: The ResourceType:ACL_STATISTICS_CREATE_DESTROY_QUEUE_ROUTE_QUERY, applyTotal = 0, applySucc = 0, releaseTotal = 0, releaseSucc = 0
[INFO] ASCENDCL(80515,python):2026-09-04-11:13:55.464.275 [resource_statistics.cpp:113]80515 TraverseStatistics: The ResourceType:ACL_STATISTICS_CREATE_DESTROY_MBUF, applyTotal = 0, applySucc = 0, releaseTotal = 0, releaseSucc = 0
[INFO] ASCENDCL(80515,python):2026-09-04-11:13:55.464.291 [resource_statistics.cpp:113]80515 TraverseStatistics: The ResourceType:ACL_STATISTICS_CREATE_DESTROY_GRAPH_DUMP_OPTION, applyTotal = 0, applySucc = 0, releaseTotal = 0, releaseSucc = 0
[INFO] ASCENDCL(80515,python):2026-09-04-11:13:55.464.301 [resource_statistics.cpp:113]80515 TraverseStatistics: The ResourceType:ACL_STATISTICS_CREATE_DESTROY_ALLOCATOR_DESC, applyTotal = 0, applySucc = 0, releaseTotal = 0, releaseSucc = 0
[INFO] ASCENDCL(80515,python):2026-09-04-11:13:55.464.308 [resource_statistics.cpp:113]80515 TraverseStatistics: The ResourceType:ACL_STATISTICS_CREATE_DESTROY_ALLOCATOR_BINARY_DESC, applyTotal = 0, applySucc = 0, releaseTotal = 0, releaseSucc = 0
[INFO] ASCENDCL(80515,python):2026-09-04-11:13:55.464.315 [resource_statistics.cpp:113]80515 TraverseStatistics: The ResourceType:ACL_STATISTICS_RESERVE_RELEASE_MEMORY_ADDRESS, applyTotal = 0, applySucc = 0, releaseTotal = 0, releaseSucc = 0
[INFO] ASCENDCL(80515,python):2026-09-04-11:13:55.464.322 [resource_statistics.cpp:113]80515 TraverseStatistics: The ResourceType:ACL_STATISTICS_MALLOC_FREE_PHYSICAL_MEMORY, applyTotal = 0, applySucc = 0, releaseTotal = 0, releaseSucc = 0
[INFO] ASCENDCL(80515,python):2026-09-04-11:13:55.464.328 [resource_statistics.cpp:113]80515 TraverseStatistics: The ResourceType:ACL_STATISTICS_MAP_UNMAP_MEMORY, applyTotal = 0, applySucc = 0, releaseTotal = 0, releaseSucc = 0
[INFO] ASCENDCL(80515,python):2026-09-04-11:13:55.464.335 [resource_statistics.cpp:113]80515 TraverseStatistics: The ResourceType:ACL_STATISTICS_LOAD_UNLOAD_BINARY, applyTotal = 0, applySucc = 0, releaseTotal = 0, releaseSucc = 0
[INFO] RUNTIME(80515,python):2026-09-04-11:13:55.506.015 [runtime.cc:5130] 80588 ReportPageFaultProc: pageFaultSupportFlag_=0.
[INFO] DRV(80515,python):2026-09-04-11:13:55.964.536 [drv_share_log.c:229][ascend][curpid:80515,80515][drv][hdc][share_log_read_in_single_module]Server destroy success. (dev_id=0; fid=0; service="service_dump"; pid=1056115)
[INFO] DRV(80515,python):2026-09-04-11:13:55.964.566 [drv_share_log.c:229][ascend][curpid:80515,80515][drv][hdc][share_log_read_in_single_module]Server destroy success. (dev_id=1; fid=0; service="service_dump"; pid=1056115)
[INFO] DRV(80515,python):2026-09-04-11:13:55.964.573 [drv_share_log.c:229][ascend][curpid:80515,80515][drv][hdc][share_log_read_in_single_module]Server destroy success. (dev_id=2; fid=0; service="service_dump"; pid=1056115)
[INFO] DRV(80515,python):2026-09-04-11:13:55.964.579 [drv_share_log.c:229][ascend][curpid:80515,80515][drv][hdc][share_log_read_in_single_module]Server destroy success. (dev_id=3; fid=0; service="service_dump"; pid=1056115)
[INFO] DRV(80515,python):2026-09-04-11:13:55.964.584 [drv_share_log.c:229][ascend][curpid:80515,80515][drv][hdc][share_log_read_in_single_module]Server destroy success. (dev_id=4; fid=0; service="service_dump"; pid=1056115)
[INFO] DRV(80515,python):2026-09-04-11:13:55.964.589 [drv_share_log.c:229][ascend][curpid:80515,80515][drv][hdc][share_log_read_in_single_module]Server destroy success. (dev_id=5; fid=0; service="service_dump"; pid=1056115)
[INFO] DRV(80515,python):2026-09-04-11:13:55.964.595 [drv_share_log.c:229][ascend][curpid:80515,80515][drv][hdc][share_log_read_in_single_module]Server destroy success. (dev_id=6; fid=0; service="service_dump"; pid=1056115)
[INFO] DRV(80515,python):2026-09-04-11:13:55.964.600 [drv_share_log.c:229][ascend][curpid:80515,80515][drv][hdc][share_log_read_in_single_module]Server destroy success. (dev_id=7; fid=0; service="service_dump"; pid=1056115)
[INFO] RUNTIME(80515,python):2026-09-04-11:13:56.539.171 [runtime.cc:4967] 80588 ReportRasRun: Report ras thread exits normally!
[INFO] RUNTIME(80515,python):2026-09-04-11:13:57.713.366 [runtime_adapt.cc:58] 80515 ~Runtime: runtime destructor.
[INFO] RUNTIME(80515,python):2026-09-04-11:13:57.713.438 [runtime.cc:4936] 80515 DestroyReportRasThread: Join report ras thread OK.
[INFO] RUNTIME(80515,python):2026-09-04-11:13:57.713.449 [runtime.cc:1340] 80515 WaitMonitorExit: wait monitor success, used count=0.
[INFO] ATRACE(80515,python):2026-09-04-11:13:57.719.216 [tracer_mgr_operate.c:248](tid:80515) destroy object RUNTIME_ATRACE_DEV0_TS0, exitSave(false).
[INFO] RUNTIME(80515,python):2026-09-04-11:13:57.724.051 [stars_engine.cc:60] 80515 ~StarsEngine: Destructor.
[INFO] RUNTIME(80515,python):2026-09-04-11:13:57.724.076 [engine.cc:88] 80515 ~Engine: Destructor.
[INFO] DRV(80515,python):2026-09-04-11:13:57.724.092 [queue_interface.c:969][ascend][curpid:80515,80515][drv][queuemng][queue_device_close]queue close finish. (dev_id=0)
[INFO] DRV(80515,python):2026-09-04-11:13:57.731.221 [svm_mem_stats_show.c:38][ascend][curpid:80515,80515][drv][devmm][module_mem_stats_show]MEM_HOST Mem stats (Bytes). (module_name=DEVMM; module_id=22; current_alloced_size=524288; allocated_peak_size=524288; alloc_cnt=1; free_cnt=0)
[INFO] DRV(80515,python):2026-09-04-11:13:57.731.246 [svm_mem_stats_show.c:70][ascend][curpid:80515,80515][drv][devmm][cache_mem_stats_show]MEM_HOST Cached_size:1572864Bytes
[INFO] DRV(80515,python):2026-09-04-11:13:57.731.249 [svm_mem_stats_show.c:38][ascend][curpid:80515,80515][drv][devmm][module_mem_stats_show]MEM_DEV_SMALL_HBM dev0 Mem stats (Bytes). (module_name=RUNTIME; module_id=7; current_alloced_size=0; allocated_peak_size=94208; alloc_cnt=4; free_cnt=4)
[INFO] DRV(80515,python):2026-09-04-11:13:57.731.254 [svm_mem_stats_show.c:70][ascend][curpid:80515,80515][drv][devmm][cache_mem_stats_show]MEM_DEV_SMALL_HBM dev0 Cached_size:2097152Bytes
[INFO] DRV(80515,python):2026-09-04-11:13:57.731.256 [svm_mem_stats_show.c:38][ascend][curpid:80515,80515][drv][devmm][module_mem_stats_show]MEM_DEV_HUGE_HBM dev0 Mem stats (Bytes). (module_name=RUNTIME; module_id=7; current_alloced_size=0; allocated_peak_size=203423744; alloc_cnt=8; free_cnt=8)
[INFO] DRV(80515,python):2026-09-04-11:13:57.731.259 [svm_mem_stats_show.c:38][ascend][curpid:80515,80515][drv][devmm][module_mem_stats_show]MEM_DEV_HUGE_HBM dev0 Mem stats (Bytes). (module_name=APP; module_id=33; current_alloced_size=0; allocated_peak_size=44040192; alloc_cnt=3; free_cnt=3)
[INFO] DRV(80515,python):2026-09-04-11:13:57.731.262 [svm_mem_stats_show.c:70][ascend][curpid:80515,80515][drv][devmm][cache_mem_stats_show]MEM_DEV_HUGE_HBM dev0 Cached_size:65011712Bytes
[INFO] DRV(80515,python):2026-09-04-11:13:57.731.264 [svm_mem_stats_show.c:38][ascend][curpid:80515,80515][drv][devmm][module_mem_stats_show]MEM_DEV_SMALL_P2P_HBM dev0 Mem stats (Bytes). (module_name=RUNTIME; module_id=7; current_alloced_size=0; allocated_peak_size=1048576; alloc_cnt=1; free_cnt=1)
[INFO] DRV(80515,python):2026-09-04-11:13:57.731.266 [svm_mem_stats_show.c:38][ascend][curpid:80515,80515][drv][devmm][module_mem_stats_show]MEM_DEV_SMALL_P2P_HBM dev0 Mem stats (Bytes). (module_name=TSDRV; module_id=23; current_alloced_size=0; allocated_peak_size=2097152; alloc_cnt=1; free_cnt=1)
[INFO] DRV(80515,python):2026-09-04-11:13:57.731.269 [svm_mem_stats_show.c:70][ascend][curpid:80515,80515][drv][devmm][cache_mem_stats_show]MEM_DEV_SMALL_P2P_HBM dev0 Cached_size:2097152Bytes
[INFO] DRV(80515,python):2026-09-04-11:13:57.731.271 [svm_mem_stats_show.c:38][ascend][curpid:80515,80515][drv][devmm][module_mem_stats_show]MEM_DEV_HUGE_P2P_HBM dev0 Mem stats (Bytes). (module_name=RUNTIME; module_id=7; current_alloced_size=0; allocated_peak_size=12582912; alloc_cnt=3; free_cnt=3)
[INFO] DRV(80515,python):2026-09-04-11:13:57.731.274 [svm_mem_stats_show.c:70][ascend][curpid:80515,80515][drv][devmm][cache_mem_stats_show]MEM_DEV_HUGE_P2P_HBM dev0 Cached_size:12582912Bytes
[INFO] DRV(80515,python):2026-09-04-11:13:57.736.389 [drv_share_log.c:229][ascend][curpid:80515,80515][drv][devmm][share_log_read_in_single_module]Release. (udevid=0; tgid=1056115; ret=0)
[INFO] DRV(80515,python):2026-09-04-11:13:57.746.653 [event_sched.c:1519][ascend][curpid:80515,80515][drv][event-sche][esched_device_close]Close success. (dev_id=0)
[INFO] RUNTIME(80515,python):2026-09-04-11:13:57.794.546 [tprt.cc:23][TPRT]TID[80515] ~TprtManage: ~TprtManage
[INFO] RUNTIME(80515,python):2026-09-04-11:13:57.795.022 [xpu_task_fail_callback_data_manager.cc:64] 80515 ~XpuTaskFailCallBackManager: XpuTaskFailCallBackManager Destructor.
[INFO] RUNTIME(80515,python):2026-09-04-11:13:57.795.026 [task_fail_callback_data_manager.cc:98] 80515 ~TaskFailCallBackManager: Destructor.
[INFO] ATRACE(80515,python):2026-09-04-11:13:57.853.077 [stacktrace_signal.c:199](tid:80515) unregister all signal handlers, can not capture signal.
[INFO] ATRACE(80515,python):2026-09-04-11:13:57.943.720 [atrace_client_core.c:127](tid:80585) atrace receive thread exited, devId=0.
